#-----------------------------------------------------------
# Vivado v2024.1 (64-bit)
# SW Build 5076996 on Wed May 22 18:36:09 MDT 2024
# IP Build 5075265 on Wed May 22 21:45:21 MDT 2024
# SharedData Build 5076995 on Wed May 22 18:29:18 MDT 2024
# Start of session at: Wed Jun 26 18:35:04 2024
# Process ID: 911574
# Current directory: /home/hep/Desktop/GBCR_Work/firmware/GBCR2_SEU_Test20220722/GBCR2_SEU_Test.runs/fifo_128to128_depth1k_synth_1
# Command line: vivado -log fifo_128to128_depth1k.vds -product Vivado -mode batch -messageDb vivado.pb -notrace -source fifo_128to128_depth1k.tcl
# Log file: /home/hep/Desktop/GBCR_Work/firmware/GBCR2_SEU_Test20220722/GBCR2_SEU_Test.runs/fifo_128to128_depth1k_synth_1/fifo_128to128_depth1k.vds
# Journal file: /home/hep/Desktop/GBCR_Work/firmware/GBCR2_SEU_Test20220722/GBCR2_SEU_Test.runs/fifo_128to128_depth1k_synth_1/vivado.jou
# Running On        :OSUTeststand2
# Platform          :Ubuntu
# Operating System  :Ubuntu 24.04 LTS
# Processor Detail  :Intel(R) Core(TM) i5-8500T CPU @ 2.10GHz
# CPU Frequency     :3208.319 MHz
# CPU Physical cores:6
# CPU Logical cores :6
# Host memory       :16584 MB
# Swap memory       :4294 MB
# Total Virtual     :20879 MB
# Available Virtual :7919 MB
#-----------------------------------------------------------
source fifo_128to128_depth1k.tcl -notrace
