#-----------------------------------------------------------
# Vivado v2020.2 (64-bit)
# SW Build 3064766 on Wed Nov 18 09:12:45 MST 2020
# IP Build 3064653 on Wed Nov 18 14:17:31 MST 2020
# Start of session at: Wed May  4 10:42:38 2022
# Process ID: 3892
# Current directory: D:/xilinxtrain/GBCR2/GBCR2_SEU_Test20220423
# Command line: vivado.exe -gui_launcher_event rodinguilauncherevent9904 D:\xilinxtrain\GBCR2\GBCR2_SEU_Test20220423\GBCR2_SEU_Test.xpr
# Log file: D:/xilinxtrain/GBCR2/GBCR2_SEU_Test20220423/vivado.log
# Journal file: D:/xilinxtrain/GBCR2/GBCR2_SEU_Test20220423\vivado.jou
#-----------------------------------------------------------
start_gui
open_project D:/xilinxtrain/GBCR2/GBCR2_SEU_Test20220423/GBCR2_SEU_Test.xpr
update_compile_order -fileset sources_1
open_hw_manager
connect_hw_server -allow_non_jtag
open_hw_target
set_property PROGRAM.FILE {D:/xilinxtrain/GBCR2/GBCR2_SEU_Test20220423/GBCR2_SEU_Test.runs/impl_1/GBCR2_SEU_Test.bit} [get_hw_devices xc7k325t_0]
set_property PROBES.FILE {D:/xilinxtrain/GBCR2/GBCR2_SEU_Test20220423/GBCR2_SEU_Test.runs/impl_1/GBCR2_SEU_Test.ltx} [get_hw_devices xc7k325t_0]
set_property FULL_PROBES.FILE {D:/xilinxtrain/GBCR2/GBCR2_SEU_Test20220423/GBCR2_SEU_Test.runs/impl_1/GBCR2_SEU_Test.ltx} [get_hw_devices xc7k325t_0]
current_hw_device [get_hw_devices xc7k325t_0]
refresh_hw_device [lindex [get_hw_devices xc7k325t_0] 0]
create_hw_cfgmem -hw_device [get_hw_devices xc7k325t_0] -mem_dev [lindex [get_cfgmem_parts {28f00ap30t-bpi-x16}] 0]
set_property PROBES.FILE {D:/xilinxtrain/GBCR2/GBCR2_SEU_Test20220423/GBCR2_SEU_Test.runs/impl_1/GBCR2_SEU_Test.ltx} [get_hw_devices xc7k325t_0]
set_property FULL_PROBES.FILE {D:/xilinxtrain/GBCR2/GBCR2_SEU_Test20220423/GBCR2_SEU_Test.runs/impl_1/GBCR2_SEU_Test.ltx} [get_hw_devices xc7k325t_0]
set_property PROGRAM.FILE {D:/xilinxtrain/GBCR2/GBCR2_SEU_Test20220423/GBCR2_SEU_Test.runs/impl_1/GBCR2_SEU_Test.bit} [get_hw_devices xc7k325t_0]
program_hw_devices [get_hw_devices xc7k325t_0]
refresh_hw_device [lindex [get_hw_devices xc7k325t_0] 0]
set_property PROBES.FILE {D:/xilinxtrain/GBCR2/GBCR2_SEU_Test20220423/GBCR2_SEU_Test.runs/impl_1/GBCR2_SEU_Test.ltx} [get_hw_devices xc7k325t_0]
set_property FULL_PROBES.FILE {D:/xilinxtrain/GBCR2/GBCR2_SEU_Test20220423/GBCR2_SEU_Test.runs/impl_1/GBCR2_SEU_Test.ltx} [get_hw_devices xc7k325t_0]
set_property PROGRAM.FILE {D:/xilinxtrain/GBCR2/GBCR2_SEU_Test20220423/GBCR2_SEU_Test.runs/impl_1/GBCR2_SEU_Test.bit} [get_hw_devices xc7k325t_0]
program_hw_devices [get_hw_devices xc7k325t_0]
refresh_hw_device [lindex [get_hw_devices xc7k325t_0] 0]
close_hw_manager
