keep__35: GBCR2_SEU_Test__GCB0, 
logic__1245: GBCR2_SEU_Test__GCB1, 
TCP_TX: GBCR2_SEU_Test__GCB1, 
signinv__3: GBCR2_SEU_Test__GCB1, 
reg__316: GBCR2_SEU_Test__GCB1, 
reg__160: GBCR2_SEU_Test__GCB1, 
case__50: GBCR2_SEU_Test__GCB1, 
logic__1108: GBCR2_SEU_Test__GCB1, 
logic__260: GBCR2_SEU_Test__GCB1, 
logic__1007: GBCR2_SEU_Test__GCB1, 
case__604: Data_Checker__GB1, 
logic__629: GBCR2_SEU_Test__GCB1, 
case__27: GBCR2_SEU_Test__GCB1, 
logic__441: GBCR2_SEU_Test__GCB1, 
logic__1206: GBCR2_SEU_Test__GCB1, 
logic__1010: GBCR2_SEU_Test__GCB1, 
reg__301: GBCR2_SEU_Test__GCB1, 
logic__216: GBCR2_SEU_Test__GCB1, 
reg__395: GBCR2_SEU_Test__GCB0, 
case__576: Data_Checker__GB2, Data_Checker__GB1, Data_Checker__GB0, 
logic__1579: Data_Checker__GB2, Data_Checker__GB1, Data_Checker__GB0, 
reg__42: GBCR2_SEU_Test__GCB1, 
reg__20: GBCR2_SEU_Test__GCB1, 
reg__14: GBCR2_SEU_Test__GCB1, 
reg__216: GBCR2_SEU_Test__GCB1, 
reg__137: GBCR2_SEU_Test__GCB1, 
muxpart__78: GBCR2_SEU_Test__GCB1, 
keep__17: GBCR2_SEU_Test__GCB0, 
reg__498: GBCR2_SEU_Test__GCB1, 
logic__1496: GBCR2_SEU_Test__GCB1, 
case__396: GBCR2_SEU_Test__GCB1, 
case__10: global_clock_reset__GC0, 
case__614: Data_Checker__GB2, 
logic__753: GBCR2_SEU_Test__GCB1, 
reg__124: GBCR2_SEU_Test__GCB1, 
logic__1402: GBCR2_SEU_Test__GCB0, 
keep__115: GBCR2_SEU_Test__GCB0, 
keep__87: GBCR2_SEU_Test__GCB0, 
reg__92: GBCR2_SEU_Test__GCB1, 
datapath__58: GBCR2_SEU_Test__GCB1, 
logic__882: GBCR2_SEU_Test__GCB1, 
reg__324: GBCR2_SEU_Test__GCB1, 
keep__19: GBCR2_SEU_Test__GCB0, 
logic__2: global_clock_reset__GC0, 
case__463: GBCR2_SEU_Test__GCB1, 
logic__1731: Data_Checker__GB2, 
logic__1795: Data_Checker__GB2, 
logic__1576: Data_Checker__GB2, Data_Checker__GB1, Data_Checker__GB0, 
logic__831: GBCR2_SEU_Test__GCB1, 
keep__30: GBCR2_SEU_Test__GCB0, 
reg__278: GBCR2_SEU_Test__GCB1, 
datapath__41: GBCR2_SEU_Test__GCB1, 
reg__397: GBCR2_SEU_Test__GCB0, 
muxpart__174: Data_Checker__GB1, 
case__482: GBCR2_SEU_Test__GCB1, 
reg__330: GBCR2_SEU_Test__GCB1, 
logic__1744: Data_Checker__GB2, 
reg__273: GBCR2_SEU_Test__GCB1, 
logic__805: GBCR2_SEU_Test__GCB1, 
logic__742: GBCR2_SEU_Test__GCB1, 
datapath__131: Data_Checker__GB2, Data_Checker__GB1, Data_Checker__GB0, 
keep__24: GBCR2_SEU_Test__GCB0, 
logic__1493: GBCR2_SEU_Test__GCB0, 
case__527: GBCR2_SEU_Test__GCB0, 
logic__1683: Data_Checker__GB1, 
keep__162: GBCR2_SEU_Test__GCB0, 
logic__1180: GBCR2_SEU_Test__GCB1, 
datapath__153: GBCR2_SEU_Test__GCB1, 
logic__647: GBCR2_SEU_Test__GCB1, 
case__528: GBCR2_SEU_Test__GCB0, 
datapath__152: Data_Checker__GB0, 
logic__92: GBCR2_SEU_Test__GCB1, 
reg__321: GBCR2_SEU_Test__GCB1, 
logic__1101: GBCR2_SEU_Test__GCB1, 
logic__1431: GBCR2_SEU_Test__GCB0, 
keep__116: GBCR2_SEU_Test__GCB0, 
logic__903: GBCR2_SEU_Test__GCB1, 
datapath__136: Data_Checker__GB1, 
logic__1761: Data_Checker__GB2, 
datapath__69: GBCR2_SEU_Test__GCB1, 
counter__2: GBCR2_SEU_Test__GCB1, 
logic__1372: GBCR2_SEU_Test__GCB1, 
logic__814: GBCR2_SEU_Test__GCB1, 
reg__69: GBCR2_SEU_Test__GCB1, 
logic__1157: GBCR2_SEU_Test__GCB1, 
reg__280: GBCR2_SEU_Test__GCB1, 
case__311: GBCR2_SEU_Test__GCB1, 
keep__150: GBCR2_SEU_Test__GCB0, 
case__15: GBCR2_SEU_Test__GCB1, 
muxpart__127: GBCR2_SEU_Test__GCB0, 
logic__944: GBCR2_SEU_Test__GCB1, 
reg__434: Data_Checker__GB1, 
case__488: GBCR2_SEU_Test__GCB1, 
logic__945: GBCR2_SEU_Test__GCB1, 
reg__355: GBCR2_SEU_Test__GCB0, 
datapath__20: GBCR2_SEU_Test__GCB1, 
datapath__75: GBCR2_SEU_Test__GCB1, 
logic__756: GBCR2_SEU_Test__GCB1, 
case__324: GBCR2_SEU_Test__GCB1, 
case__51: GBCR2_SEU_Test__GCB1, 
logic__1346: GBCR2_SEU_Test__GCB1, 
case__457: GBCR2_SEU_Test__GCB1, 
logic__426: GBCR2_SEU_Test__GCB1, 
reg__348: GBCR2_SEU_Test__GCB1, 
logic__727: GBCR2_SEU_Test__GCB1, 
case__501: GBCR2_SEU_Test__GCB0, 
logic__692: GBCR2_SEU_Test__GCB1, 
case__77: GBCR2_SEU_Test__GCB1, 
reg__191: GBCR2_SEU_Test__GCB1, 
keep__72: GBCR2_SEU_Test__GCB0, 
keep__121: GBCR2_SEU_Test__GCB0, 
logic__863: GBCR2_SEU_Test__GCB1, 
logic__946: GBCR2_SEU_Test__GCB1, 
reg__214: GBCR2_SEU_Test__GCB1, 
counter__11: GBCR2_SEU_Test__GCB1, 
case__331: GBCR2_SEU_Test__GCB1, 
keep__67: GBCR2_SEU_Test__GCB0, 
case__84: GBCR2_SEU_Test__GCB1, 
reg__195: GBCR2_SEU_Test__GCB1, 
case__392: GBCR2_SEU_Test__GCB1, 
logic__804: GBCR2_SEU_Test__GCB1, 
reg__382: GBCR2_SEU_Test__GCB0, 
reg__94: GBCR2_SEU_Test__GCB1, 
case__438: GBCR2_SEU_Test__GCB1, 
logic__509: GBCR2_SEU_Test__GCB1, 
logic__1385: GBCR2_SEU_Test__GCB0, 
logic__1613: Data_Checker__GB2, Data_Checker__GB1, Data_Checker__GB0, 
logic__1719: Data_Checker__GB2, 
case__343: GBCR2_SEU_Test__GCB1, 
logic__1510: GBCR2_SEU_Test__GCB1, 
reg__148: GBCR2_SEU_Test__GCB1, 
reg__190: GBCR2_SEU_Test__GCB1, 
logic__1591: Data_Checker__GB2, Data_Checker__GB1, Data_Checker__GB0, 
reg__202: GBCR2_SEU_Test__GCB1, 
case__713: GBCR2_SEU_Test__GCB1, 
logic__880: GBCR2_SEU_Test__GCB1, 
case__707: GBCR2_SEU_Test__GCB1, 
logic__1685: Data_Checker__GB1, 
logic__1990: GBCR2_SEU_Test__GCB0, 
counter__4: GBCR2_SEU_Test__GCB1, 
keep__9: GBCR2_SEU_Test__GCB0, 
logic__402: GBCR2_SEU_Test__GCB1, 
reg__215: GBCR2_SEU_Test__GCB1, 
logic__1497: GBCR2_SEU_Test__GCB1, 
reg__153: GBCR2_SEU_Test__GCB1, 
reg__489: GBCR2_SEU_Test__GCB1, 
reg__115: GBCR2_SEU_Test__GCB1, 
reg__443: Data_Checker__GB1, 
reg__9: GBCR2_SEU_Test__GCB1, 
reg__95: GBCR2_SEU_Test__GCB1, 
keep__122: GBCR2_SEU_Test__GCB0, 
keep__49: GBCR2_SEU_Test__GCB0, 
logic__223: GBCR2_SEU_Test__GCB1, 
logic__1203: GBCR2_SEU_Test__GCB1, 
case__429: GBCR2_SEU_Test__GCB1, 
case__422: GBCR2_SEU_Test__GCB1, 
muxpart__133: GBCR2_SEU_Test__GCB0, 
case__388: GBCR2_SEU_Test__GCB1, 
case__364: GBCR2_SEU_Test__GCB1, 
case__124: GBCR2_SEU_Test__GCB1, 
case__301: GBCR2_SEU_Test__GCB1, 
logic__965: GBCR2_SEU_Test__GCB1, 
reg__454: Data_Checker__GB1, 
keep__92: GBCR2_SEU_Test__GCB0, 
reg__200: GBCR2_SEU_Test__GCB1, 
logic__25: GBCR2_SEU_Test__GCB1, 
case__273: GBCR2_SEU_Test__GCB1, 
logic__648: GBCR2_SEU_Test__GCB1, 
counter__25: GBCR2_SEU_Test__GCB0, 
logic__983: GBCR2_SEU_Test__GCB1, 
case__255: GBCR2_SEU_Test__GCB1, 
datapath__32: GBCR2_SEU_Test__GCB1, 
datapath__98: GBCR2_SEU_Test__GCB1, 
case__702: GBCR2_SEU_Test__GCB1, 
logic__1078: GBCR2_SEU_Test__GCB1, 
logic__59: GBCR2_SEU_Test__GCB1, 
keep__131: GBCR2_SEU_Test__GCB0, 
logic__1594: Data_Checker__GB2, Data_Checker__GB1, Data_Checker__GB0, 
logic__435: GBCR2_SEU_Test__GCB1, 
tri_mode_ethernet_mac_0_tx_client_fifo: GBCR2_SEU_Test__GCB1, 
reg__476: Data_Checker__GB2, 
reg__28: GBCR2_SEU_Test__GCB1, 
datapath__124: GBCR2_SEU_Test__GCB0, 
case__293: GBCR2_SEU_Test__GCB1, 
logic__577: GBCR2_SEU_Test__GCB1, 
TCP_RXBUFNDEMUX2: GBCR2_SEU_Test__GCB1, 
reg__372: GBCR2_SEU_Test__GCB0, 
logic__1369: GBCR2_SEU_Test__GCB1, 
logic__1132: GBCR2_SEU_Test__GCB1, 
case__524: GBCR2_SEU_Test__GCB0, 
datapath__140: Data_Checker__GB1, 
case__543: GBCR2_SEU_Test__GCB1, 
logic__1230: GBCR2_SEU_Test__GCB1, 
reg__112: GBCR2_SEU_Test__GCB1, 
counter__41: Data_Checker__GB2, 
logic__1073: GBCR2_SEU_Test__GCB1, 
case__393: GBCR2_SEU_Test__GCB1, 
logic__505: GBCR2_SEU_Test__GCB1, 
keep__125: GBCR2_SEU_Test__GCB0, 
reg__387: GBCR2_SEU_Test__GCB0, 
reg__37: GBCR2_SEU_Test__GCB1, 
PRBS7Gen32b: Data_Checker__GB2, 
case__440: GBCR2_SEU_Test__GCB1, 
case__407: GBCR2_SEU_Test__GCB1, 
logic__1387: GBCR2_SEU_Test__GCB0, 
clockwiz: global_clock_reset__GC0, 
logic__1196: GBCR2_SEU_Test__GCB1, 
case__161: GBCR2_SEU_Test__GCB1, 
logic__1519: Data_Checker__GB2, Data_Checker__GB1, Data_Checker__GB0, 
case__448: GBCR2_SEU_Test__GCB1, 
reg__393: GBCR2_SEU_Test__GCB0, 
extladd__2: GBCR2_SEU_Test__GCB1, 
case__78: GBCR2_SEU_Test__GCB1, 
case__265: GBCR2_SEU_Test__GCB1, 
logic__343: GBCR2_SEU_Test__GCB1, 
keep__103: GBCR2_SEU_Test__GCB0, 
logic__105: GBCR2_SEU_Test__GCB1, 
reg__193: GBCR2_SEU_Test__GCB1, 
reg__178: GBCR2_SEU_Test__GCB1, 
keep__74: GBCR2_SEU_Test__GCB0, 
logic__1567: Data_Checker__GB2, Data_Checker__GB1, Data_Checker__GB0, 
logic__1753: Data_Checker__GB2, 
logic__1128: GBCR2_SEU_Test__GCB1, 
case__567: Data_Checker__GB2, Data_Checker__GB1, Data_Checker__GB0, 
logic__592: GBCR2_SEU_Test__GCB1, 
logic__691: GBCR2_SEU_Test__GCB1, 
tri_mode_ethernet_mac_0_fifo_block: GBCR2_SEU_Test__GCB1, 
logic__1512: GBCR2_SEU_Test__GCB1, 
datapath__156: GBCR2_SEU_Test__GCB1, 
keep__118: GBCR2_SEU_Test__GCB0, 
logic__1368: GBCR2_SEU_Test__GCB1, 
keep__160: GBCR2_SEU_Test__GCB0, 
datapath__63: GBCR2_SEU_Test__GCB1, 
case__177: GBCR2_SEU_Test__GCB1, 
keep__69: GBCR2_SEU_Test__GCB0, 
counter__35: Data_Checker__GB1, 
PRBS31_Seed_Checker: Data_Checker__GB2, Data_Checker__GB1, Data_Checker__GB0, 
case__292: GBCR2_SEU_Test__GCB1, 
case__272: GBCR2_SEU_Test__GCB1, 
case__23: GBCR2_SEU_Test__GCB1, 
muxpart__137: GBCR2_SEU_Test__GCB0, 
gig_eth: GBCR2_SEU_Test__GCB1, 
reg__276: GBCR2_SEU_Test__GCB1, 
logic__1948: GBCR2_SEU_Test__GCB1, 
keep__26: GBCR2_SEU_Test__GCB0, 
datapath__145: Data_Checker__GB2, 
logic__1192: GBCR2_SEU_Test__GCB1, 
reg__5: GBCR2_SEU_Test__GCB1, 
logic__1376: GBCR2_SEU_Test__GCB1, 
reg__143: GBCR2_SEU_Test__GCB1, 
reg__285: GBCR2_SEU_Test__GCB1, 
logic__878: GBCR2_SEU_Test__GCB1, 
reg__182: GBCR2_SEU_Test__GCB1, 
reg__167: GBCR2_SEU_Test__GCB1, 
case__718: GBCR2_SEU_Test__GCB1, 
logic__1124: GBCR2_SEU_Test__GCB1, 
logic__657: GBCR2_SEU_Test__GCB1, 
logic__1154: GBCR2_SEU_Test__GCB1, 
case__703: GBCR2_SEU_Test__GCB1, 
logic__112: GBCR2_SEU_Test__GCB1, 
counter__23: GBCR2_SEU_Test__GCB1, 
keep__2: GBCR2_SEU_Test__GCB1, 
keep__156: GBCR2_SEU_Test__GCB0, 
muxpart__155: Data_Checker__GB2, Data_Checker__GB1, Data_Checker__GB0, 
datapath__101: GBCR2_SEU_Test__GCB1, 
logic__1106: GBCR2_SEU_Test__GCB1, 
vio_0: GBCR2_SEU_Test__GCB0, 
logic__565: GBCR2_SEU_Test__GCB1, 
logic__987: GBCR2_SEU_Test__GCB1, 
logic__1747: Data_Checker__GB2, 
case__523: GBCR2_SEU_Test__GCB0, 
case__579: Data_Checker__GB2, Data_Checker__GB1, Data_Checker__GB0, 
logic__644: GBCR2_SEU_Test__GCB1, 
datapath__67: GBCR2_SEU_Test__GCB1, 
logic__917: GBCR2_SEU_Test__GCB1, 
keep__38: GBCR2_SEU_Test__GCB0, 
logic__1670: Data_Checker__GB1, 
case__386: GBCR2_SEU_Test__GCB1, 
reg__134: GBCR2_SEU_Test__GCB1, 
case__408: GBCR2_SEU_Test__GCB1, 
reg__46: GBCR2_SEU_Test__GCB1, 
logic__621: GBCR2_SEU_Test__GCB1, 
case__130: GBCR2_SEU_Test__GCB1, 
case__335: GBCR2_SEU_Test__GCB1, 
logic__761: GBCR2_SEU_Test__GCB1, 
logic__1450: GBCR2_SEU_Test__GCB0, 
logic__1100: GBCR2_SEU_Test__GCB1, 
logic__712: GBCR2_SEU_Test__GCB1, 
logic__510: GBCR2_SEU_Test__GCB1, 
datapath__33: GBCR2_SEU_Test__GCB1, 
logic__1185: GBCR2_SEU_Test__GCB1, 
logic__935: GBCR2_SEU_Test__GCB1, 
datapath__157: GBCR2_SEU_Test__GCB1, 
case__497: GBCR2_SEU_Test__GCB0, 
reg__49: GBCR2_SEU_Test__GCB1, 
logic__403: GBCR2_SEU_Test__GCB1, 
case__472: GBCR2_SEU_Test__GCB1, 
logic__1575: Data_Checker__GB2, Data_Checker__GB1, Data_Checker__GB0, 
datapath__122: GBCR2_SEU_Test__GCB0, 
logic__88: GBCR2_SEU_Test__GCB1, 
datapath__151: Data_Checker__GB2, 
keep__158: GBCR2_SEU_Test__GCB0, 
logic__849: GBCR2_SEU_Test__GCB1, 
datapath__14: GBCR2_SEU_Test__GCB1, 
case__135: GBCR2_SEU_Test__GCB1, 
case__476: GBCR2_SEU_Test__GCB1, 
datapath__134: Data_Checker__GB1, 
logic__1383: GBCR2_SEU_Test__GCB0, 
case__459: GBCR2_SEU_Test__GCB1, 
case__170: GBCR2_SEU_Test__GCB1, 
case__212: GBCR2_SEU_Test__GCB1, 
case__525: GBCR2_SEU_Test__GCB0, 
case__123: GBCR2_SEU_Test__GCB1, 
reg__155: GBCR2_SEU_Test__GCB1, 
counter: GBCR2_SEU_Test__GCB1, 
logic__1772: Data_Checker__GB2, 
case__391: GBCR2_SEU_Test__GCB1, 
case__571: Data_Checker__GB2, Data_Checker__GB1, Data_Checker__GB0, 
reg__281: GBCR2_SEU_Test__GCB1, 
counter__42: Data_Checker__GB2, 
keep__110: GBCR2_SEU_Test__GCB0, 
logic__1420: GBCR2_SEU_Test__GCB0, 
gtwizard_0_GT_USRCLK_SOURCE: GBCR2_SEU_Test__GCB0, 
keep__85: GBCR2_SEU_Test__GCB0, 
logic__1115: GBCR2_SEU_Test__GCB1, 
logic__1721: Data_Checker__GB2, 
reg__426: Data_Checker__GB2, Data_Checker__GB1, Data_Checker__GB0, 
logic__1072: GBCR2_SEU_Test__GCB1, 
reg__194: GBCR2_SEU_Test__GCB1, 
logic__542: GBCR2_SEU_Test__GCB1, 
case__251: GBCR2_SEU_Test__GCB1, 
case__573: Data_Checker__GB2, Data_Checker__GB1, Data_Checker__GB0, 
counter__36: Data_Checker__GB2, 
reg__260: GBCR2_SEU_Test__GCB1, 
keep__135: GBCR2_SEU_Test__GCB0, 
logic__1586: Data_Checker__GB2, Data_Checker__GB1, Data_Checker__GB0, 
case__96: GBCR2_SEU_Test__GCB1, 
logic__361: GBCR2_SEU_Test__GCB1, 
reg__247: GBCR2_SEU_Test__GCB1, 
case__18: GBCR2_SEU_Test__GCB1, 
logic__21: GBCR2_SEU_Test__GCB1, 
reg__463: Data_Checker__GB2, 
reg__35: GBCR2_SEU_Test__GCB1, 
logic__1050: GBCR2_SEU_Test__GCB1, 
reg__174: GBCR2_SEU_Test__GCB1, 
reg__141: GBCR2_SEU_Test__GCB1, 
muxpart__129: GBCR2_SEU_Test__GCB0, 
case__466: GBCR2_SEU_Test__GCB1, 
logic__938: GBCR2_SEU_Test__GCB1, 
keep__154: GBCR2_SEU_Test__GCB0, 
case__211: GBCR2_SEU_Test__GCB1, 
logic__968: GBCR2_SEU_Test__GCB1, 
logic__1684: Data_Checker__GB1, 
datapath__80: GBCR2_SEU_Test__GCB1, 
case__328: GBCR2_SEU_Test__GCB1, 
logic__1736: Data_Checker__GB2, 
dsp48e1__1: GBCR2_SEU_Test__GCB0, 
datapath__113: GBCR2_SEU_Test__GCB1, 
reg__183: GBCR2_SEU_Test__GCB1, 
case__640: Data_Checker__GB2, 
case__81: GBCR2_SEU_Test__GCB1, 
reg__369: GBCR2_SEU_Test__GCB0, 
logic__1074: GBCR2_SEU_Test__GCB1, 
reg__358: GBCR2_SEU_Test__GCB0, 
datapath__48: GBCR2_SEU_Test__GCB1, 
reg__400: GBCR2_SEU_Test__GCB0, 
case__651: GBCR2_SEU_Test__GCB1, 
logic__1393: GBCR2_SEU_Test__GCB0, 
keep__45: GBCR2_SEU_Test__GCB0, 
reg__475: Data_Checker__GB2, 
logic__1592: Data_Checker__GB2, Data_Checker__GB1, Data_Checker__GB0, 
logic__1598: Data_Checker__GB2, Data_Checker__GB1, Data_Checker__GB0, 
keep__173: GBCR2_SEU_Test__GCB0, 
logic__1337: GBCR2_SEU_Test__GCB1, 
logic__41: GBCR2_SEU_Test__GCB1, 
logic__1107: GBCR2_SEU_Test__GCB1, 
case__694: GBCR2_SEU_Test__GCB1, 
logic__587: GBCR2_SEU_Test__GCB1, 
reg__406: GBCR2_SEU_Test__GCB0, 
datapath__100: GBCR2_SEU_Test__GCB1, 
reg__381: GBCR2_SEU_Test__GCB0, 
case__102: GBCR2_SEU_Test__GCB1, 
reg__54: GBCR2_SEU_Test__GCB1, 
case__7: global_clock_reset__GC0, 
case__183: GBCR2_SEU_Test__GCB1, 
counter__21: GBCR2_SEU_Test__GCB1, 
reg__107: GBCR2_SEU_Test__GCB1, 
case__688: GBCR2_SEU_Test__GCB1, 
case__134: GBCR2_SEU_Test__GCB1, 
logic__706: GBCR2_SEU_Test__GCB1, 
logic__1120: GBCR2_SEU_Test__GCB1, 
keep__14: GBCR2_SEU_Test__GCB0, 
logic__700: GBCR2_SEU_Test__GCB1, 
case__308: GBCR2_SEU_Test__GCB1, 
reg__371: GBCR2_SEU_Test__GCB0, 
logic__1604: Data_Checker__GB2, Data_Checker__GB1, Data_Checker__GB0, 
muxpart__176: Data_Checker__GB1, 
reg__228: GBCR2_SEU_Test__GCB1, 
logic__991: GBCR2_SEU_Test__GCB1, 
reg__391: GBCR2_SEU_Test__GCB0, 
case__367: GBCR2_SEU_Test__GCB1, 
case__445: GBCR2_SEU_Test__GCB1, 
logic__1139: GBCR2_SEU_Test__GCB1, 
muxpart__147: GBCR2_SEU_Test__GCB0, 
reg__407: GBCR2_SEU_Test__GCB0, 
reg__452: Data_Checker__GB1, 
logic__1224: GBCR2_SEU_Test__GCB1, 
logic__1096: GBCR2_SEU_Test__GCB1, 
logic__1568: Data_Checker__GB2, Data_Checker__GB1, Data_Checker__GB0, 
muxpart__106: GBCR2_SEU_Test__GCB1, 
logic__954: GBCR2_SEU_Test__GCB1, 
logic__1739: Data_Checker__GB2, 
logic__634: GBCR2_SEU_Test__GCB1, 
case__345: GBCR2_SEU_Test__GCB1, 
logic__1743: Data_Checker__GB2, 
logic__911: GBCR2_SEU_Test__GCB1, 
case__266: GBCR2_SEU_Test__GCB1, 
case__99: GBCR2_SEU_Test__GCB1, 
reg__73: GBCR2_SEU_Test__GCB1, 
keep__21: GBCR2_SEU_Test__GCB0, 
case__659: GBCR2_SEU_Test__GCB1, 
reg__114: GBCR2_SEU_Test__GCB1, 
logic__442: GBCR2_SEU_Test__GCB1, 
logic__1268: GBCR2_SEU_Test__GCB1, 
case__89: GBCR2_SEU_Test__GCB1, 
case__180: GBCR2_SEU_Test__GCB1, 
logic__1204: GBCR2_SEU_Test__GCB1, 
case__358: GBCR2_SEU_Test__GCB1, 
case__333: GBCR2_SEU_Test__GCB1, 
muxpart__179: Data_Checker__GB1, 
reg__501: GBCR2_SEU_Test__GCB1, 
logic__560: GBCR2_SEU_Test__GCB1, 
reg__213: GBCR2_SEU_Test__GCB1, 
logic__1515: GBCR2_SEU_Test__GCB1, 
datapath__142: Data_Checker__GB1, 
reg__56: GBCR2_SEU_Test__GCB1, 
case__591: Data_Checker__GB1, 
reg__157: GBCR2_SEU_Test__GCB1, 
tri_mode_ethernet_mac_0_example_design_resets: GBCR2_SEU_Test__GCB1, 
keep__40: GBCR2_SEU_Test__GCB0, 
Data_Aggregator: Data_Checker__GB0, 
reg__315: GBCR2_SEU_Test__GCB1, 
tri_mode_ethernet_mac_0_support_resets: GBCR2_SEU_Test__GCB1, 
reg__103: GBCR2_SEU_Test__GCB1, 
reg__471: Data_Checker__GB2, 
logic__1142: GBCR2_SEU_Test__GCB1, 
case__220: GBCR2_SEU_Test__GCB1, 
reg__480: GBCR2_SEU_Test__GCB1, 
datapath__119: GBCR2_SEU_Test__GCB0, 
case__474: GBCR2_SEU_Test__GCB1, 
case__471: GBCR2_SEU_Test__GCB1, 
case__467: GBCR2_SEU_Test__GCB1, 
reg__261: GBCR2_SEU_Test__GCB1, 
logic__839: GBCR2_SEU_Test__GCB1, 
keep__128: GBCR2_SEU_Test__GCB0, 
keep__32: GBCR2_SEU_Test__GCB0, 
datapath__79: GBCR2_SEU_Test__GCB1, 
datapath__15: GBCR2_SEU_Test__GCB1, 
datapath__45: GBCR2_SEU_Test__GCB1, 
logic__1766: Data_Checker__GB2, 
datapath__68: GBCR2_SEU_Test__GCB1, 
datapath__4: GBCR2_SEU_Test__GCB1, 
case__660: GBCR2_SEU_Test__GCB1, 
logic__116: GBCR2_SEU_Test__GCB1, 
reg__52: GBCR2_SEU_Test__GCB1, 
reg__6: GBCR2_SEU_Test__GCB1, 
keep__25: GBCR2_SEU_Test__GCB0, 
reg__431: Data_Checker__GB1, 
reg__323: GBCR2_SEU_Test__GCB1, 
reg__23: GBCR2_SEU_Test__GCB1, 
case__397: GBCR2_SEU_Test__GCB1, 
reg__8: GBCR2_SEU_Test__GCB1, 
case__607: Data_Checker__GB1, 
reg__222: GBCR2_SEU_Test__GCB1, 
reg__449: Data_Checker__GB1, 
counter__32: Data_Checker__GB2, Data_Checker__GB1, Data_Checker__GB0, 
logic__1011: GBCR2_SEU_Test__GCB1, 
logic__431: GBCR2_SEU_Test__GCB1, 
keep__169: GBCR2_SEU_Test__GCB0, 
reg__179: GBCR2_SEU_Test__GCB1, 
case__271: GBCR2_SEU_Test__GCB1, 
case__417: GBCR2_SEU_Test__GCB1, 
case__441: GBCR2_SEU_Test__GCB1, 
reg__246: GBCR2_SEU_Test__GCB1, 
reg__180: GBCR2_SEU_Test__GCB1, 
logic__38: GBCR2_SEU_Test__GCB1, 
keep__62: GBCR2_SEU_Test__GCB0, 
logic__1296: GBCR2_SEU_Test__GCB1, 
datapath__24: GBCR2_SEU_Test__GCB1, 
reg__29: GBCR2_SEU_Test__GCB1, 
case__522: GBCR2_SEU_Test__GCB0, 
datapath__11: GBCR2_SEU_Test__GCB1, 
reg__456: Data_Checker__GB1, 
reg__286: GBCR2_SEU_Test__GCB1, 
case__291: GBCR2_SEU_Test__GCB1, 
logic__1689: Data_Checker__GB1, 
case__321: GBCR2_SEU_Test__GCB1, 
case__500: GBCR2_SEU_Test__GCB0, 
reg__379: GBCR2_SEU_Test__GCB0, 
datapath__154: GBCR2_SEU_Test__GCB1, 
reg__319: GBCR2_SEU_Test__GCB1, 
logic__1585: Data_Checker__GB2, Data_Checker__GB1, Data_Checker__GB0, 
DESER32b: Data_Checker__GB2, 
counter__38: Data_Checker__GB2, 
case__341: GBCR2_SEU_Test__GCB1, 
logic__351: GBCR2_SEU_Test__GCB1, 
case__693: GBCR2_SEU_Test__GCB1, 
reg__363: GBCR2_SEU_Test__GCB0, 
case__609: Data_Checker__GB2, 
reg__176: GBCR2_SEU_Test__GCB1, 
keep__93: GBCR2_SEU_Test__GCB0, 
reg__465: Data_Checker__GB2, 
case__692: GBCR2_SEU_Test__GCB1, 
case__44: GBCR2_SEU_Test__GCB1, 
logic__838: GBCR2_SEU_Test__GCB1, 
keep__43: GBCR2_SEU_Test__GCB0, 
logic__1085: GBCR2_SEU_Test__GCB1, 
keep__146: GBCR2_SEU_Test__GCB0, 
logic__1280: GBCR2_SEU_Test__GCB1, 
logic__967: GBCR2_SEU_Test__GCB1, 
counter__3: GBCR2_SEU_Test__GCB1, 
case__12: GBCR2_SEU_Test__GCB1, 
TCP_SERVER: GBCR2_SEU_Test__GCB1, 
logic__791: GBCR2_SEU_Test__GCB1, 
datapath__8: GBCR2_SEU_Test__GCB1, 
reg__89: GBCR2_SEU_Test__GCB1, 
case__172: GBCR2_SEU_Test__GCB1, 
logic__619: GBCR2_SEU_Test__GCB1, 
logic__1451: GBCR2_SEU_Test__GCB0, 
logic__1084: GBCR2_SEU_Test__GCB1, 
datapath__38: GBCR2_SEU_Test__GCB1, 
logic__20: GBCR2_SEU_Test__GCB1, 
case__643: Data_Checker__GB2, 
logic__1352: GBCR2_SEU_Test__GCB1, 
logic__684: GBCR2_SEU_Test__GCB1, 
case__686: GBCR2_SEU_Test__GCB1, 
keep__10: GBCR2_SEU_Test__GCB0, 
muxpart__148: GBCR2_SEU_Test__GCB0, 
reg__435: Data_Checker__GB1, 
reg__411: GBCR2_SEU_Test__GCB1, 
logic__1612: Data_Checker__GB2, Data_Checker__GB1, Data_Checker__GB0, 
logic__1164: GBCR2_SEU_Test__GCB1, 
case__706: GBCR2_SEU_Test__GCB1, 
fifo36x512: GBCR2_SEU_Test__GCB0, 
keep__64: GBCR2_SEU_Test__GCB0, 
muxpart__126: GBCR2_SEU_Test__GCB0, 
logic__1069: GBCR2_SEU_Test__GCB1, 
keep__70: GBCR2_SEU_Test__GCB0, 
muxpart__114: GBCR2_SEU_Test__GCB1, 
case__439: GBCR2_SEU_Test__GCB1, 
case__389: GBCR2_SEU_Test__GCB1, 
keep__170: GBCR2_SEU_Test__GCB0, 
reg__116: GBCR2_SEU_Test__GCB1, 
reg__269: GBCR2_SEU_Test__GCB1, 
logic__737: GBCR2_SEU_Test__GCB1, 
logic__409: GBCR2_SEU_Test__GCB1, 
reg__334: GBCR2_SEU_Test__GCB1, 
logic__1071: GBCR2_SEU_Test__GCB1, 
reg__252: GBCR2_SEU_Test__GCB1, 
keep__101: GBCR2_SEU_Test__GCB0, 
logic__1584: Data_Checker__GB2, Data_Checker__GB1, Data_Checker__GB0, 
reg__117: GBCR2_SEU_Test__GCB1, 
reg__47: GBCR2_SEU_Test__GCB1, 
datapath__76: GBCR2_SEU_Test__GCB1, 
logic__1577: Data_Checker__GB2, Data_Checker__GB1, Data_Checker__GB0, 
tri_mode_ethernet_mac_0_support: GBCR2_SEU_Test__GCB1, 
reg__390: GBCR2_SEU_Test__GCB0, 
logic__1569: Data_Checker__GB2, Data_Checker__GB1, Data_Checker__GB0, 
reg__120: GBCR2_SEU_Test__GCB1, 
case__52: GBCR2_SEU_Test__GCB1, 
reg__386: GBCR2_SEU_Test__GCB0, 
logic__869: GBCR2_SEU_Test__GCB1, 
reg__502: GBCR2_SEU_Test__GCB1, 
reg__219: GBCR2_SEU_Test__GCB1, 
reg__421: Data_Checker__GB2, Data_Checker__GB1, Data_Checker__GB0, 
muxpart__112: GBCR2_SEU_Test__GCB1, 
reg__185: GBCR2_SEU_Test__GCB1, 
case__95: GBCR2_SEU_Test__GCB1, 
logic__1521: Data_Checker__GB2, Data_Checker__GB1, Data_Checker__GB0, 
reg__152: GBCR2_SEU_Test__GCB1, 
logic__1140: GBCR2_SEU_Test__GCB1, 
muxpart__118: GBCR2_SEU_Test__GCB1, 
case__410: GBCR2_SEU_Test__GCB1, 
logic__1868: GBCR2_SEU_Test__GCB1, 
case__529: GBCR2_SEU_Test__GCB0, 
reg__192: GBCR2_SEU_Test__GCB1, 
reg__318: GBCR2_SEU_Test__GCB1, 
reg__211: GBCR2_SEU_Test__GCB1, 
datapath__106: GBCR2_SEU_Test__GCB1, 
logic__1225: GBCR2_SEU_Test__GCB1, 
reg__345: GBCR2_SEU_Test__GCB1, 
datapath__91: GBCR2_SEU_Test__GCB1, 
case__111: GBCR2_SEU_Test__GCB1, 
case__13: GBCR2_SEU_Test__GCB1, 
case__208: GBCR2_SEU_Test__GCB1, 
reg__225: GBCR2_SEU_Test__GCB1, 
datapath__49: GBCR2_SEU_Test__GCB1, 
logic__748: GBCR2_SEU_Test__GCB1, 
reg__77: GBCR2_SEU_Test__GCB1, 
case__380: GBCR2_SEU_Test__GCB1, 
reg__188: GBCR2_SEU_Test__GCB1, 
logic__547: GBCR2_SEU_Test__GCB1, 
case__401: GBCR2_SEU_Test__GCB1, 
case__6: global_clock_reset__GC0, 
datapath__85: GBCR2_SEU_Test__GCB1, 
case__712: GBCR2_SEU_Test__GCB1, 
case__225: GBCR2_SEU_Test__GCB1, 
logic__445: GBCR2_SEU_Test__GCB1, 
reg__25: GBCR2_SEU_Test__GCB1, 
logic__1197: GBCR2_SEU_Test__GCB1, 
case__425: GBCR2_SEU_Test__GCB1, 
case__280: GBCR2_SEU_Test__GCB1, 
logic__225: GBCR2_SEU_Test__GCB1, 
keep__4: GBCR2_SEU_Test__GCB0, 
case__334: GBCR2_SEU_Test__GCB1, 
logic__988: GBCR2_SEU_Test__GCB1, 
logic__923: GBCR2_SEU_Test__GCB1, 
reg__212: GBCR2_SEU_Test__GCB1, 
logic__554: GBCR2_SEU_Test__GCB1, 
logic__1962: GBCR2_SEU_Test__GCB1, 
reg__248: GBCR2_SEU_Test__GCB1, 
logic__605: GBCR2_SEU_Test__GCB1, 
case__715: GBCR2_SEU_Test__GCB1, 
reg__433: Data_Checker__GB1, 
logic__1595: Data_Checker__GB2, Data_Checker__GB1, Data_Checker__GB0, 
logic__1486: GBCR2_SEU_Test__GCB0, 
case__46: GBCR2_SEU_Test__GCB1, 
case__464: GBCR2_SEU_Test__GCB1, 
logic__1735: Data_Checker__GB2, 
datapath__72: GBCR2_SEU_Test__GCB1, 
case__307: GBCR2_SEU_Test__GCB1, 
case__369: GBCR2_SEU_Test__GCB1, 
logic__29: GBCR2_SEU_Test__GCB1, 
logic__1874: GBCR2_SEU_Test__GCB1, 
muxpart__117: GBCR2_SEU_Test__GCB1, 
logic__786: GBCR2_SEU_Test__GCB1, 
fifo_128to128_depth1k: Data_Checker__GB0, 
keep__172: GBCR2_SEU_Test__GCB0, 
logic__1440: GBCR2_SEU_Test__GCB0, 
reg__396: GBCR2_SEU_Test__GCB0, 
keep__175: GBCR2_SEU_Test__GCB1, 
logic__1229: GBCR2_SEU_Test__GCB1, 
Tx_PRBS7_Data_Checker: Data_Checker__GB2, 
reg__147: GBCR2_SEU_Test__GCB1, 
datapath__62: GBCR2_SEU_Test__GCB1, 
logic__1506: GBCR2_SEU_Test__GCB1, 
reg__290: GBCR2_SEU_Test__GCB1, 
reg__175: GBCR2_SEU_Test__GCB1, 
reg__122: GBCR2_SEU_Test__GCB1, 
case__209: GBCR2_SEU_Test__GCB1, 
logic__1741: Data_Checker__GB2, 
muxpart__103: GBCR2_SEU_Test__GCB1, 
reg__320: GBCR2_SEU_Test__GCB1, 
case__406: GBCR2_SEU_Test__GCB1, 
datapath__61: GBCR2_SEU_Test__GCB1, 
case__428: GBCR2_SEU_Test__GCB1, 
counter__1: GBCR2_SEU_Test__GCB1, 
reg__79: GBCR2_SEU_Test__GCB1, 
reg__361: GBCR2_SEU_Test__GCB0, 
muxpart__188: Data_Checker__GB2, 
logic__1525: Data_Checker__GB2, Data_Checker__GB1, Data_Checker__GB0, 
muxpart__182: Data_Checker__GB1, 
logic__828: GBCR2_SEU_Test__GCB1, 
case__322: GBCR2_SEU_Test__GCB1, 
case__720: GBCR2_SEU_Test__GCB1, 
logic__356: GBCR2_SEU_Test__GCB1, 
logic__31: GBCR2_SEU_Test__GCB1, 
logic__1762: Data_Checker__GB2, 
logic__798: GBCR2_SEU_Test__GCB1, 
case__270: GBCR2_SEU_Test__GCB1, 
logic__1589: Data_Checker__GB2, Data_Checker__GB1, Data_Checker__GB0, 
muxpart__181: Data_Checker__GB1, 
logic__32: GBCR2_SEU_Test__GCB1, 
logic__1767: Data_Checker__GB2, 
reg__275: GBCR2_SEU_Test__GCB1, 
logic__1495: GBCR2_SEU_Test__GCB1, 
tri_mode_ethernet_mac_0_rx_client_fifo: GBCR2_SEU_Test__GCB1, 
reg__310: GBCR2_SEU_Test__GCB1, 
reg__265: GBCR2_SEU_Test__GCB1, 
logic__888: GBCR2_SEU_Test__GCB1, 
logic__850: GBCR2_SEU_Test__GCB1, 
case__504: GBCR2_SEU_Test__GCB0, 
keep__147: GBCR2_SEU_Test__GCB0, 
logic__1382: GBCR2_SEU_Test__GCB0, 
case__597: Data_Checker__GB1, 
counter__6: GBCR2_SEU_Test__GCB1, 
logic__1755: Data_Checker__GB2, 
case__76: GBCR2_SEU_Test__GCB1, 
reg__466: Data_Checker__GB2, 
reg__432: Data_Checker__GB1, 
case__461: GBCR2_SEU_Test__GCB1, 
keep__167: GBCR2_SEU_Test__GCB0, 
PRBS31Gen32b: GBCR2_SEU_Test__GCB1, 
case__87: GBCR2_SEU_Test__GCB1, 
keep__71: GBCR2_SEU_Test__GCB0, 
reg__121: GBCR2_SEU_Test__GCB1, 
reg__221: GBCR2_SEU_Test__GCB1, 
logic__604: GBCR2_SEU_Test__GCB1, 
logic__1530: Data_Checker__GB2, Data_Checker__GB1, Data_Checker__GB0, 
logic__1340: GBCR2_SEU_Test__GCB1, 
case__203: GBCR2_SEU_Test__GCB1, 
keep__36: GBCR2_SEU_Test__GCB0, 
logic__754: GBCR2_SEU_Test__GCB1, 
case__184: GBCR2_SEU_Test__GCB1, 
logic__1502: GBCR2_SEU_Test__GCB1, 
logic__1220: GBCR2_SEU_Test__GCB1, 
logic__860: GBCR2_SEU_Test__GCB1, 
logic__559: GBCR2_SEU_Test__GCB1, 
muxpart__130: GBCR2_SEU_Test__GCB0, 
logic__1126: GBCR2_SEU_Test__GCB1, 
logic__1058: GBCR2_SEU_Test__GCB1, 
logic__1110: GBCR2_SEU_Test__GCB1, 
logic__807: GBCR2_SEU_Test__GCB1, 
case__327: GBCR2_SEU_Test__GCB1, 
datapath__52: GBCR2_SEU_Test__GCB1, 
logic__819: GBCR2_SEU_Test__GCB1, 
keep__48: GBCR2_SEU_Test__GCB0, 
case__302: GBCR2_SEU_Test__GCB1, 
counter__5: GBCR2_SEU_Test__GCB1, 
logic__1571: Data_Checker__GB2, Data_Checker__GB1, Data_Checker__GB0, 
datapath__128: Data_Checker__GB2, Data_Checker__GB1, Data_Checker__GB0, 
reg__399: GBCR2_SEU_Test__GCB0, 
logic__553: GBCR2_SEU_Test__GCB1, 
datapath__146: Data_Checker__GB2, 
keep__171: GBCR2_SEU_Test__GCB0, 
datapath__99: GBCR2_SEU_Test__GCB1, 
logic__851: GBCR2_SEU_Test__GCB1, 
logic__1871: GBCR2_SEU_Test__GCB1, 
case__241: GBCR2_SEU_Test__GCB1, 
reg__55: GBCR2_SEU_Test__GCB1, 
case__28: GBCR2_SEU_Test__GCB1, 
case__514: GBCR2_SEU_Test__GCB0, 
logic__883: GBCR2_SEU_Test__GCB1, 
logic__514: GBCR2_SEU_Test__GCB1, 
keep__126: GBCR2_SEU_Test__GCB0, 
reg__368: GBCR2_SEU_Test__GCB0, 
case__204: GBCR2_SEU_Test__GCB1, 
case__507: GBCR2_SEU_Test__GCB0, 
logic__417: GBCR2_SEU_Test__GCB1, 
logic__1286: GBCR2_SEU_Test__GCB1, 
datapath__23: GBCR2_SEU_Test__GCB1, 
keep__59: GBCR2_SEU_Test__GCB0, 
logic__1033: GBCR2_SEU_Test__GCB1, 
case__82: GBCR2_SEU_Test__GCB1, 
case__59: GBCR2_SEU_Test__GCB1, 
case__645: Data_Checker__GB2, 
logic__806: GBCR2_SEU_Test__GCB1, 
case__158: GBCR2_SEU_Test__GCB1, 
logic__1499: GBCR2_SEU_Test__GCB1, 
logic__1745: Data_Checker__GB2, 
reg__135: GBCR2_SEU_Test__GCB1, 
reg__81: GBCR2_SEU_Test__GCB1, 
case__125: GBCR2_SEU_Test__GCB1, 
case__600: Data_Checker__GB1, 
reg__138: GBCR2_SEU_Test__GCB1, 
reg__62: GBCR2_SEU_Test__GCB1, 
logic__1754: Data_Checker__GB2, 
logic__1327: GBCR2_SEU_Test__GCB1, 
logic__526: GBCR2_SEU_Test__GCB1, 
keep__66: GBCR2_SEU_Test__GCB0, 
case__258: GBCR2_SEU_Test__GCB1, 
logic__561: GBCR2_SEU_Test__GCB1, 
case__332: GBCR2_SEU_Test__GCB1, 
case__325: GBCR2_SEU_Test__GCB1, 
case__164: GBCR2_SEU_Test__GCB1, 
datapath__57: GBCR2_SEU_Test__GCB1, 
case__701: GBCR2_SEU_Test__GCB1, 
case__320: GBCR2_SEU_Test__GCB1, 
case__25: GBCR2_SEU_Test__GCB1, 
logic__1173: GBCR2_SEU_Test__GCB1, 
reg__343: GBCR2_SEU_Test__GCB1, 
datapath__10: GBCR2_SEU_Test__GCB1, 
muxpart__136: GBCR2_SEU_Test__GCB0, 
logic__1349: GBCR2_SEU_Test__GCB1, 
counter__7: GBCR2_SEU_Test__GCB1, 
case__323: GBCR2_SEU_Test__GCB1, 
logic__1287: GBCR2_SEU_Test__GCB1, 
logic__1129: GBCR2_SEU_Test__GCB1, 
logic__56: GBCR2_SEU_Test__GCB1, 
reg__204: GBCR2_SEU_Test__GCB1, 
reg__67: GBCR2_SEU_Test__GCB1, 
datapath__120: GBCR2_SEU_Test__GCB0, 
logic__986: GBCR2_SEU_Test__GCB1, 
case__454: GBCR2_SEU_Test__GCB1, 
reg__314: GBCR2_SEU_Test__GCB1, 
extladd__1: GBCR2_SEU_Test__GCB1, 
logic__537: GBCR2_SEU_Test__GCB1, 
case__267: GBCR2_SEU_Test__GCB1, 
logic__1099: GBCR2_SEU_Test__GCB1, 
case__641: Data_Checker__GB2, 
case__171: GBCR2_SEU_Test__GCB1, 
reg__254: GBCR2_SEU_Test__GCB1, 
muxpart__158: Data_Checker__GB2, Data_Checker__GB1, Data_Checker__GB0, 
signinv__8: Data_Checker__GB2, 
reg__255: GBCR2_SEU_Test__GCB1, 
keep__123: GBCR2_SEU_Test__GCB0, 
case__411: GBCR2_SEU_Test__GCB1, 
logic__659: GBCR2_SEU_Test__GCB1, 
logic__1254: GBCR2_SEU_Test__GCB1, 
case__174: GBCR2_SEU_Test__GCB1, 
gtwizard_0_common: GBCR2_SEU_Test__GCB0, 
case__449: GBCR2_SEU_Test__GCB1, 
reg__304: GBCR2_SEU_Test__GCB1, 
keep__142: GBCR2_SEU_Test__GCB0, 
logic__541: GBCR2_SEU_Test__GCB1, 
logic__825: GBCR2_SEU_Test__GCB1, 
case__593: Data_Checker__GB1, 
logic__1760: Data_Checker__GB2, 
logic__1379: GBCR2_SEU_Test__GCB0, 
logic__60: GBCR2_SEU_Test__GCB1, 
logic__1024: GBCR2_SEU_Test__GCB1, 
datapath__16: GBCR2_SEU_Test__GCB1, 
case__287: GBCR2_SEU_Test__GCB1, 
keep__73: GBCR2_SEU_Test__GCB0, 
logic__1870: GBCR2_SEU_Test__GCB1, 
reg__287: GBCR2_SEU_Test__GCB1, 
keep__145: GBCR2_SEU_Test__GCB0, 
case__484: GBCR2_SEU_Test__GCB1, 
reg__313: GBCR2_SEU_Test__GCB1, 
case__45: GBCR2_SEU_Test__GCB1, 
case__58: GBCR2_SEU_Test__GCB1, 
counter__13: GBCR2_SEU_Test__GCB1, 
reg__377: GBCR2_SEU_Test__GCB0, 
case__638: Data_Checker__GB2, 
reg__220: GBCR2_SEU_Test__GCB1, 
logic__1532: Data_Checker__GB2, Data_Checker__GB1, Data_Checker__GB0, 
muxpart__187: Data_Checker__GB2, 
case__97: GBCR2_SEU_Test__GCB1, 
keep__140: GBCR2_SEU_Test__GCB0, 
keep__42: GBCR2_SEU_Test__GCB0, 
case__394: GBCR2_SEU_Test__GCB1, 
reg__238: GBCR2_SEU_Test__GCB1, 
counter__14: GBCR2_SEU_Test__GCB1, 
case__644: Data_Checker__GB2, 
datapath__73: GBCR2_SEU_Test__GCB1, 
keep__163: GBCR2_SEU_Test__GCB0, 
reg__374: GBCR2_SEU_Test__GCB0, 
reg__388: GBCR2_SEU_Test__GCB0, 
reg__353: GBCR2_SEU_Test__GCB1, 
case__650: GBCR2_SEU_Test__GCB1, 
logic__1105: GBCR2_SEU_Test__GCB1, 
datapath__54: GBCR2_SEU_Test__GCB1, 
case__452: GBCR2_SEU_Test__GCB1, 
case__163: GBCR2_SEU_Test__GCB1, 
reg__196: GBCR2_SEU_Test__GCB1, 
reg__48: GBCR2_SEU_Test__GCB1, 
logic__803: GBCR2_SEU_Test__GCB1, 
reg__177: GBCR2_SEU_Test__GCB1, 
COM5402: GBCR2_SEU_Test__GCB1, 
datapath__56: GBCR2_SEU_Test__GCB1, 
case__305: GBCR2_SEU_Test__GCB1, 
case__581: Data_Checker__GB1, 
logic__46: GBCR2_SEU_Test__GCB1, 
logic__1357: GBCR2_SEU_Test__GCB1, 
muxpart__113: GBCR2_SEU_Test__GCB1, 
logic__714: GBCR2_SEU_Test__GCB1, 
keep__27: GBCR2_SEU_Test__GCB0, 
logic__915: GBCR2_SEU_Test__GCB1, 
reg__292: GBCR2_SEU_Test__GCB1, 
reg__263: GBCR2_SEU_Test__GCB1, 
case__535: GBCR2_SEU_Test__GCB0, 
datapath__92: GBCR2_SEU_Test__GCB1, 
reg__423: Data_Checker__GB2, Data_Checker__GB1, Data_Checker__GB0, 
reg__296: GBCR2_SEU_Test__GCB1, 
logic__1285: GBCR2_SEU_Test__GCB1, 
muxpart__203: Data_Checker__GB2, 
keep__89: GBCR2_SEU_Test__GCB0, 
keep__75: GBCR2_SEU_Test__GCB0, 
case__63: GBCR2_SEU_Test__GCB1, 
reg__266: GBCR2_SEU_Test__GCB1, 
keep__86: GBCR2_SEU_Test__GCB0, 
case__494: GBCR2_SEU_Test__GCB0, 
reg__460: Data_Checker__GB2, 
keep__129: GBCR2_SEU_Test__GCB0, 
logic__83: GBCR2_SEU_Test__GCB1, 
logic__22: GBCR2_SEU_Test__GCB1, 
datapath__77: GBCR2_SEU_Test__GCB1, 
reg__503: GBCR2_SEU_Test__GCB1, 
logic__597: GBCR2_SEU_Test__GCB1, 
dsp48e1: GBCR2_SEU_Test__GCB0, 
reg__106: GBCR2_SEU_Test__GCB1, 
case__91: GBCR2_SEU_Test__GCB1, 
datapath__59: GBCR2_SEU_Test__GCB1, 
logic__852: GBCR2_SEU_Test__GCB1, 
logic__790: GBCR2_SEU_Test__GCB1, 
logic__1518: Data_Checker__GB2, Data_Checker__GB1, Data_Checker__GB0, 
logic__236: GBCR2_SEU_Test__GCB1, 
keep__55: GBCR2_SEU_Test__GCB0, 
logic__1102: GBCR2_SEU_Test__GCB1, 
logic__516: GBCR2_SEU_Test__GCB1, 
logic__1466: GBCR2_SEU_Test__GCB0, 
case__434: GBCR2_SEU_Test__GCB1, 
reg__243: GBCR2_SEU_Test__GCB1, 
keep__5: GBCR2_SEU_Test__GCB0, 
reg__233: GBCR2_SEU_Test__GCB1, 
muxpart__98: GBCR2_SEU_Test__GCB1, 
tri_mode_ethernet_mac_0: GBCR2_SEU_Test__GCB1, 
case__157: GBCR2_SEU_Test__GCB1, 
case__206: GBCR2_SEU_Test__GCB1, 
muxpart__152: GBCR2_SEU_Test__GCB0, 
case__319: GBCR2_SEU_Test__GCB1, 
keep__130: GBCR2_SEU_Test__GCB0, 
muxpart__95: GBCR2_SEU_Test__GCB1, 
case__374: GBCR2_SEU_Test__GCB1, 
muxpart__102: GBCR2_SEU_Test__GCB1, 
case__530: GBCR2_SEU_Test__GCB0, 
logic__1263: GBCR2_SEU_Test__GCB1, 
reg__58: GBCR2_SEU_Test__GCB1, 
datapath__107: GBCR2_SEU_Test__GCB1, 
case__103: GBCR2_SEU_Test__GCB1, 
datapath__42: GBCR2_SEU_Test__GCB1, 
case__26: GBCR2_SEU_Test__GCB1, 
logic__1092: GBCR2_SEU_Test__GCB1, 
case__162: GBCR2_SEU_Test__GCB1, 
logic__951: GBCR2_SEU_Test__GCB1, 
case__450: GBCR2_SEU_Test__GCB1, 
logic__859: GBCR2_SEU_Test__GCB1, 
datapath__104: GBCR2_SEU_Test__GCB1, 
muxpart__125: GBCR2_SEU_Test__GCB0, 
reg__98: GBCR2_SEU_Test__GCB1, 
reg__197: GBCR2_SEU_Test__GCB1, 
case__306: GBCR2_SEU_Test__GCB1, 
case__447: GBCR2_SEU_Test__GCB1, 
muxpart__135: GBCR2_SEU_Test__GCB0, 
keep__61: GBCR2_SEU_Test__GCB0, 
reg__344: GBCR2_SEU_Test__GCB1, 
reg__34: GBCR2_SEU_Test__GCB1, 
reg__332: GBCR2_SEU_Test__GCB1, 
case__376: GBCR2_SEU_Test__GCB1, 
case__286: GBCR2_SEU_Test__GCB1, 
logic__544: GBCR2_SEU_Test__GCB1, 
logic__1311: GBCR2_SEU_Test__GCB1, 
case__29: GBCR2_SEU_Test__GCB1, 
GlobalResetter: global_clock_reset__GC0, 
logic__1111: GBCR2_SEU_Test__GCB1, 
tri_mode_ethernet_mac_0_reset_sync: GBCR2_SEU_Test__GCB1, 
logic__362: GBCR2_SEU_Test__GCB1, 
case__223: GBCR2_SEU_Test__GCB1, 
counter__39: Data_Checker__GB2, 
case__215: GBCR2_SEU_Test__GCB1, 
case__182: GBCR2_SEU_Test__GCB1, 
keep__81: GBCR2_SEU_Test__GCB0, 
logic__239: GBCR2_SEU_Test__GCB1, 
case__601: Data_Checker__GB1, 
gtwizard_0: GBCR2_SEU_Test__GCB0, 
logic__1842: Data_Checker__GB2, 
case__339: GBCR2_SEU_Test__GCB1, 
datapath: global_clock_reset__GC0, 
logic__97: GBCR2_SEU_Test__GCB1, 
logic__1680: Data_Checker__GB1, 
signinv__2: GBCR2_SEU_Test__GCB1, 
case__520: GBCR2_SEU_Test__GCB0, 
reg__158: GBCR2_SEU_Test__GCB1, 
reg__99: GBCR2_SEU_Test__GCB1, 
datapath__19: GBCR2_SEU_Test__GCB1, 
case__359: GBCR2_SEU_Test__GCB1, 
reg__494: GBCR2_SEU_Test__GCB1, 
case__443: GBCR2_SEU_Test__GCB1, 
logic__1097: GBCR2_SEU_Test__GCB1, 
keep__22: GBCR2_SEU_Test__GCB0, 
logic__1737: Data_Checker__GB2, 
datapath__89: GBCR2_SEU_Test__GCB1, 
case__518: GBCR2_SEU_Test__GCB0, 
datapath__83: GBCR2_SEU_Test__GCB1, 
case__722: GBCR2_SEU_Test__GCB1, 
logic__117: GBCR2_SEU_Test__GCB1, 
datapath__105: GBCR2_SEU_Test__GCB1, 
datapath__37: GBCR2_SEU_Test__GCB1, 
reg__96: GBCR2_SEU_Test__GCB1, 
case__47: GBCR2_SEU_Test__GCB1, 
muxpart__121: GBCR2_SEU_Test__GCB1, 
datapath__94: GBCR2_SEU_Test__GCB1, 
case__274: GBCR2_SEU_Test__GCB1, 
reg__415: Data_Checker__GB2, Data_Checker__GB1, Data_Checker__GB0, 
keep__33: GBCR2_SEU_Test__GCB0, 
case__337: GBCR2_SEU_Test__GCB1, 
keep__99: GBCR2_SEU_Test__GCB0, 
reg__288: GBCR2_SEU_Test__GCB1, 
logic__1469: GBCR2_SEU_Test__GCB0, 
case__375: GBCR2_SEU_Test__GCB1, 
counter__12: GBCR2_SEU_Test__GCB1, 
logic__1601: Data_Checker__GB2, Data_Checker__GB1, Data_Checker__GB0, 
reg__256: GBCR2_SEU_Test__GCB1, 
logic__1257: GBCR2_SEU_Test__GCB1, 
logic__943: GBCR2_SEU_Test__GCB1, 
case__531: GBCR2_SEU_Test__GCB0, 
reg__481: GBCR2_SEU_Test__GCB1, 
keep__148: GBCR2_SEU_Test__GCB0, 
case__486: GBCR2_SEU_Test__GCB1, 
logic__1945: GBCR2_SEU_Test__GCB1, 
logic__613: GBCR2_SEU_Test__GCB1, 
reg__199: GBCR2_SEU_Test__GCB1, 
muxpart__139: GBCR2_SEU_Test__GCB0, 
logic__1343: GBCR2_SEU_Test__GCB1, 
logic__1390: GBCR2_SEU_Test__GCB0, 
reg__181: GBCR2_SEU_Test__GCB1, 
case__350: GBCR2_SEU_Test__GCB1, 
logic__51: GBCR2_SEU_Test__GCB1, 
keep__111: GBCR2_SEU_Test__GCB0, 
case__373: GBCR2_SEU_Test__GCB1, 
logic__1057: GBCR2_SEU_Test__GCB1, 
logic__906: GBCR2_SEU_Test__GCB1, 
logic__707: GBCR2_SEU_Test__GCB1, 
logic__1433: GBCR2_SEU_Test__GCB0, 
logic__1593: Data_Checker__GB2, Data_Checker__GB1, Data_Checker__GB0, 
logic__1757: Data_Checker__GB2, 
muxpart__140: GBCR2_SEU_Test__GCB0, 
case__509: GBCR2_SEU_Test__GCB0, 
counter__31: Data_Checker__GB2, Data_Checker__GB1, Data_Checker__GB0, 
logic__1162: GBCR2_SEU_Test__GCB1, 
reg__429: Data_Checker__GB1, 
logic__1869: GBCR2_SEU_Test__GCB1, 
logic__36: GBCR2_SEU_Test__GCB1, 
reg__370: GBCR2_SEU_Test__GCB0, 
keep__78: GBCR2_SEU_Test__GCB0, 
logic__757: GBCR2_SEU_Test__GCB1, 
keep__127: GBCR2_SEU_Test__GCB0, 
logic__1375: GBCR2_SEU_Test__GCB1, 
reg__293: GBCR2_SEU_Test__GCB1, 
logic__870: GBCR2_SEU_Test__GCB1, 
reg__125: GBCR2_SEU_Test__GCB1, 
case__127: GBCR2_SEU_Test__GCB1, 
datapath__78: GBCR2_SEU_Test__GCB1, 
case__532: GBCR2_SEU_Test__GCB0, 
reg__87: GBCR2_SEU_Test__GCB1, 
logic__1522: Data_Checker__GB2, Data_Checker__GB1, Data_Checker__GB0, 
case__101: GBCR2_SEU_Test__GCB1, 
muxpart__101: GBCR2_SEU_Test__GCB1, 
reg__209: GBCR2_SEU_Test__GCB1, 
logic__1260: GBCR2_SEU_Test__GCB1, 
logic__1734: Data_Checker__GB2, 
logic__1730: Data_Checker__GB2, 
reg__257: GBCR2_SEU_Test__GCB1, 
keep__90: GBCR2_SEU_Test__GCB0, 
logic__1740: Data_Checker__GB2, 
logic__1258: GBCR2_SEU_Test__GCB1, 
reg__268: GBCR2_SEU_Test__GCB1, 
case__534: GBCR2_SEU_Test__GCB0, 
keep__136: GBCR2_SEU_Test__GCB0, 
case__455: GBCR2_SEU_Test__GCB1, 
datapath__129: Data_Checker__GB2, Data_Checker__GB1, Data_Checker__GB0, 
extram: GBCR2_SEU_Test__GCB1, 
muxpart__119: GBCR2_SEU_Test__GCB1, 
reg__159: GBCR2_SEU_Test__GCB1, 
logic__543: GBCR2_SEU_Test__GCB1, 
datapath__117: GBCR2_SEU_Test__GCB1, 
logic__1191: GBCR2_SEU_Test__GCB1, 
case__30: GBCR2_SEU_Test__GCB1, 
logic__111: GBCR2_SEU_Test__GCB1, 
logic__1947: GBCR2_SEU_Test__GCB1, 
keep__105: GBCR2_SEU_Test__GCB0, 
case__469: GBCR2_SEU_Test__GCB1, 
reg__242: GBCR2_SEU_Test__GCB1, 
logic__1717: Data_Checker__GB2, 
reg__436: Data_Checker__GB1, 
case__687: GBCR2_SEU_Test__GCB1, 
logic__1587: Data_Checker__GB2, Data_Checker__GB1, Data_Checker__GB0, 
reg__18: GBCR2_SEU_Test__GCB1, 
reg__299: GBCR2_SEU_Test__GCB1, 
logic__900: GBCR2_SEU_Test__GCB1, 
logic__434: GBCR2_SEU_Test__GCB1, 
reg__19: GBCR2_SEU_Test__GCB1, 
keep__37: GBCR2_SEU_Test__GCB0, 
keep__164: GBCR2_SEU_Test__GCB0, 
logic__1356: GBCR2_SEU_Test__GCB1, 
reg__284: GBCR2_SEU_Test__GCB1, 
muxpart__107: GBCR2_SEU_Test__GCB1, 
logic__802: GBCR2_SEU_Test__GCB1, 
logic__711: GBCR2_SEU_Test__GCB1, 
keep__53: GBCR2_SEU_Test__GCB0, 
case__435: GBCR2_SEU_Test__GCB1, 
datapath__9: GBCR2_SEU_Test__GCB1, 
datapath__137: Data_Checker__GB1, 
reg__478: Data_Checker__GB0, 
logic__1081: GBCR2_SEU_Test__GCB1, 
datapath__139: Data_Checker__GB1, 
reg__187: GBCR2_SEU_Test__GCB1, 
case__409: GBCR2_SEU_Test__GCB1, 
keep__23: GBCR2_SEU_Test__GCB0, 
logic__1470: GBCR2_SEU_Test__GCB0, 
reg__65: GBCR2_SEU_Test__GCB1, 
case__309: GBCR2_SEU_Test__GCB1, 
case__114: GBCR2_SEU_Test__GCB1, 
reg__354: GBCR2_SEU_Test__GCB0, 
logic__1326: GBCR2_SEU_Test__GCB1, 
logic__1169: GBCR2_SEU_Test__GCB1, 
logic__788: GBCR2_SEU_Test__GCB1, 
logic__603: GBCR2_SEU_Test__GCB1, 
case__88: GBCR2_SEU_Test__GCB1, 
logic__1103: GBCR2_SEU_Test__GCB1, 
logic__1023: GBCR2_SEU_Test__GCB1, 
reg__154: GBCR2_SEU_Test__GCB1, 
case__268: GBCR2_SEU_Test__GCB1, 
muxpart__128: GBCR2_SEU_Test__GCB0, 
case__418: GBCR2_SEU_Test__GCB1, 
reg__459: Data_Checker__GB2, 
case__479: GBCR2_SEU_Test__GCB1, 
reg__59: GBCR2_SEU_Test__GCB1, 
logic__1407: GBCR2_SEU_Test__GCB0, 
logic__1325: GBCR2_SEU_Test__GCB1, 
logic__425: GBCR2_SEU_Test__GCB1, 
case__510: GBCR2_SEU_Test__GCB0, 
datapath__112: GBCR2_SEU_Test__GCB1, 
logic__1070: GBCR2_SEU_Test__GCB1, 
reg__253: GBCR2_SEU_Test__GCB1, 
datapath__36: GBCR2_SEU_Test__GCB1, 
addsub: GBCR2_SEU_Test__GCB1, 
case__368: GBCR2_SEU_Test__GCB1, 
datapath__13: GBCR2_SEU_Test__GCB1, 
reg__60: GBCR2_SEU_Test__GCB1, 
muxpart__138: GBCR2_SEU_Test__GCB0, 
muxpart__111: GBCR2_SEU_Test__GCB1, 
keep__16: GBCR2_SEU_Test__GCB0, 
reg__91: GBCR2_SEU_Test__GCB1, 
case__80: GBCR2_SEU_Test__GCB1, 
logic__1324: GBCR2_SEU_Test__GCB1, 
DataX0Y3: GBCR2_SEU_Test__GCB1, 
logic__1483: GBCR2_SEU_Test__GCB0, 
keep__100: GBCR2_SEU_Test__GCB0, 
keep__29: GBCR2_SEU_Test__GCB0, 
reg__189: GBCR2_SEU_Test__GCB1, 
logic__355: GBCR2_SEU_Test__GCB1, 
keep__114: GBCR2_SEU_Test__GCB0, 
logic__1251: GBCR2_SEU_Test__GCB1, 
reg__300: GBCR2_SEU_Test__GCB1, 
logic__1511: GBCR2_SEU_Test__GCB1, 
case__132: GBCR2_SEU_Test__GCB1, 
logic__876: GBCR2_SEU_Test__GCB1, 
logic__1533: Data_Checker__GB2, Data_Checker__GB1, Data_Checker__GB0, 
reg__360: GBCR2_SEU_Test__GCB0, 
logic__360: GBCR2_SEU_Test__GCB1, 
keep__149: GBCR2_SEU_Test__GCB0, 
logic__1580: Data_Checker__GB2, Data_Checker__GB1, Data_Checker__GB0, 
reg__383: GBCR2_SEU_Test__GCB0, 
logic__1505: GBCR2_SEU_Test__GCB1, 
case__432: GBCR2_SEU_Test__GCB1, 
datapath__71: GBCR2_SEU_Test__GCB1, 
logic__596: GBCR2_SEU_Test__GCB1, 
case__468: GBCR2_SEU_Test__GCB1, 
keep__12: GBCR2_SEU_Test__GCB0, 
keep__113: GBCR2_SEU_Test__GCB0, 
reg__306: GBCR2_SEU_Test__GCB1, 
logic__703: GBCR2_SEU_Test__GCB1, 
case__202: GBCR2_SEU_Test__GCB1, 
reg__133: GBCR2_SEU_Test__GCB1, 
keep: GBCR2_SEU_Test__GCB1, 
logic__50: GBCR2_SEU_Test__GCB1, 
logic__40: GBCR2_SEU_Test__GCB1, 
muxpart__145: GBCR2_SEU_Test__GCB0, 
case__108: GBCR2_SEU_Test__GCB1, 
reg__340: GBCR2_SEU_Test__GCB1, 
logic__28: GBCR2_SEU_Test__GCB1, 
reg__403: GBCR2_SEU_Test__GCB0, 
reg__168: GBCR2_SEU_Test__GCB1, 
logic__1750: Data_Checker__GB2, 
muxpart__116: GBCR2_SEU_Test__GCB1, 
logic__591: GBCR2_SEU_Test__GCB1, 
case__719: GBCR2_SEU_Test__GCB1, 
logic__1599: Data_Checker__GB2, Data_Checker__GB1, Data_Checker__GB0, 
datapath__46: GBCR2_SEU_Test__GCB1, 
logic__478: GBCR2_SEU_Test__GCB1, 
extladd: GBCR2_SEU_Test__GCB1, 
reg__451: Data_Checker__GB1, 
case__86: GBCR2_SEU_Test__GCB1, 
case__11: GBCR2_SEU_Test__GCB1, 
logic__428: GBCR2_SEU_Test__GCB1, 
logic__792: GBCR2_SEU_Test__GCB1, 
case__603: Data_Checker__GB1, 
logic__1572: Data_Checker__GB2, Data_Checker__GB1, Data_Checker__GB0, 
logic__927: GBCR2_SEU_Test__GCB1, 
logic__1172: GBCR2_SEU_Test__GCB1, 
logic__1290: GBCR2_SEU_Test__GCB1, 
reg__151: GBCR2_SEU_Test__GCB1, 
case__584: Data_Checker__GB1, 
keep__168: GBCR2_SEU_Test__GCB0, 
muxpart__156: Data_Checker__GB2, Data_Checker__GB1, Data_Checker__GB0, 
reg__338: GBCR2_SEU_Test__GCB1, 
logic__1695: Data_Checker__GB1, 
datapath__103: GBCR2_SEU_Test__GCB1, 
case: global_clock_reset__GC0, 
case__453: GBCR2_SEU_Test__GCB1, 
muxpart__157: Data_Checker__GB2, Data_Checker__GB1, Data_Checker__GB0, 
logic__1582: Data_Checker__GB2, Data_Checker__GB1, Data_Checker__GB0, 
case__653: GBCR2_SEU_Test__GCB1, 
case__517: GBCR2_SEU_Test__GCB0, 
datapath__51: GBCR2_SEU_Test__GCB1, 
tri_mode_ethernet_mac_0_support_clocking: GBCR2_SEU_Test__GCB1, 
logic__1331: GBCR2_SEU_Test__GCB1, 
logic__715: GBCR2_SEU_Test__GCB1, 
control_interface: GBCR2_SEU_Test__GCB0, 
case__700: GBCR2_SEU_Test__GCB1, 
logic__24: GBCR2_SEU_Test__GCB1, 
reg__232: GBCR2_SEU_Test__GCB1, 
keep__134: GBCR2_SEU_Test__GCB0, 
logic__1109: GBCR2_SEU_Test__GCB1, 
datapath__133: Data_Checker__GB1, 
datapath__81: GBCR2_SEU_Test__GCB1, 
case__724: GBCR2_SEU_Test__GCB1, 
reg__57: GBCR2_SEU_Test__GCB1, 
keep__141: GBCR2_SEU_Test__GCB0, 
logic__34: GBCR2_SEU_Test__GCB1, 
case__516: GBCR2_SEU_Test__GCB0, 
logic__1768: Data_Checker__GB2, 
logic__1977: GBCR2_SEU_Test__GCB1, 
datapath__141: Data_Checker__GB1, 
datapath__64: GBCR2_SEU_Test__GCB1, 
reg__362: GBCR2_SEU_Test__GCB0, 
reg__442: Data_Checker__GB1, 
case__379: GBCR2_SEU_Test__GCB1, 
case__104: GBCR2_SEU_Test__GCB1, 
reg__3: global_clock_reset__GC0, 
logic__1430: GBCR2_SEU_Test__GCB0, 
reg__164: GBCR2_SEU_Test__GCB1, 
datapath__5: GBCR2_SEU_Test__GCB1, 
reg__109: GBCR2_SEU_Test__GCB1, 
logic__1419: GBCR2_SEU_Test__GCB0, 
keep__82: GBCR2_SEU_Test__GCB0, 
reg__239: GBCR2_SEU_Test__GCB1, 
reg__418: Data_Checker__GB2, Data_Checker__GB1, Data_Checker__GB0, 
logic__795: GBCR2_SEU_Test__GCB1, 
logic__909: GBCR2_SEU_Test__GCB1, 
case__326: GBCR2_SEU_Test__GCB1, 
case__62: GBCR2_SEU_Test__GCB1, 
reg__17: GBCR2_SEU_Test__GCB1, 
keep__102: GBCR2_SEU_Test__GCB0, 
case__695: GBCR2_SEU_Test__GCB1, 
logic__864: GBCR2_SEU_Test__GCB1, 
case__491: GBCR2_SEU_Test__GCB1, 
reg__341: GBCR2_SEU_Test__GCB1, 
reg__184: GBCR2_SEU_Test__GCB1, 
datapath__123: GBCR2_SEU_Test__GCB0, 
muxpart__99: GBCR2_SEU_Test__GCB1, 
muxpart__109: GBCR2_SEU_Test__GCB1, 
logic__1412: GBCR2_SEU_Test__GCB0, 
case__276: GBCR2_SEU_Test__GCB1, 
case__120: GBCR2_SEU_Test__GCB1, 
reg__38: GBCR2_SEU_Test__GCB1, 
reg__241: GBCR2_SEU_Test__GCB1, 
logic__1304: GBCR2_SEU_Test__GCB1, 
reg__484: GBCR2_SEU_Test__GCB1, 
reg__424: Data_Checker__GB2, Data_Checker__GB1, Data_Checker__GB0, 
logic__30: GBCR2_SEU_Test__GCB1, 
counter__27: GBCR2_SEU_Test__GCB1, 
case__478: GBCR2_SEU_Test__GCB1, 
case__356: GBCR2_SEU_Test__GCB1, 
case__296: GBCR2_SEU_Test__GCB1, 
logic__1121: GBCR2_SEU_Test__GCB1, 
reg__165: GBCR2_SEU_Test__GCB1, 
muxpart__94: GBCR2_SEU_Test__GCB1, 
logic__1845: Data_Checker__GB2, 
reg__491: GBCR2_SEU_Test__GCB1, 
logic__1039: GBCR2_SEU_Test__GCB1, 
reg__171: GBCR2_SEU_Test__GCB1, 
case__168: GBCR2_SEU_Test__GCB1, 
reg__346: GBCR2_SEU_Test__GCB1, 
logic__485: GBCR2_SEU_Test__GCB1, 
logic__1758: Data_Checker__GB2, 
reg__339: GBCR2_SEU_Test__GCB1, 
logic__978: GBCR2_SEU_Test__GCB1, 
logic__1104: GBCR2_SEU_Test__GCB1, 
logic__899: GBCR2_SEU_Test__GCB1, 
reg__311: GBCR2_SEU_Test__GCB1, 
datapath__12: GBCR2_SEU_Test__GCB1, 
case__338: GBCR2_SEU_Test__GCB1, 
logic__630: GBCR2_SEU_Test__GCB1, 
Data_generator_160M: Data_Checker__GB2, 
case__480: GBCR2_SEU_Test__GCB1, 
logic__202: GBCR2_SEU_Test__GCB1, 
case__415: GBCR2_SEU_Test__GCB1, 
reg__464: Data_Checker__GB2, 
logic__1528: Data_Checker__GB2, Data_Checker__GB1, Data_Checker__GB0, 
reg__384: GBCR2_SEU_Test__GCB0, 
logic__1366: GBCR2_SEU_Test__GCB1, 
case__699: GBCR2_SEU_Test__GCB1, 
case__458: GBCR2_SEU_Test__GCB1, 
muxpart__100: GBCR2_SEU_Test__GCB1, 
reg__231: GBCR2_SEU_Test__GCB1, 
case__24: GBCR2_SEU_Test__GCB1, 
Data_Checker__GB1: Data_Checker__GB1, 
muxpart__177: Data_Checker__GB1, 
logic__1473: GBCR2_SEU_Test__GCB0, 
case__186: GBCR2_SEU_Test__GCB1, 
logic__1093: GBCR2_SEU_Test__GCB1, 
reg__132: GBCR2_SEU_Test__GCB1, 
datapath__109: GBCR2_SEU_Test__GCB1, 
reg__262: GBCR2_SEU_Test__GCB1, 
case__598: Data_Checker__GB1, 
reg__104: GBCR2_SEU_Test__GCB1, 
case__119: GBCR2_SEU_Test__GCB1, 
counter__24: GBCR2_SEU_Test__GCB1, 
logic__1391: GBCR2_SEU_Test__GCB0, 
muxpart__180: Data_Checker__GB1, 
logic__1427: GBCR2_SEU_Test__GCB0, 
reg__129: GBCR2_SEU_Test__GCB1, 
muxpart__120: GBCR2_SEU_Test__GCB1, 
case__387: GBCR2_SEU_Test__GCB1, 
logic__1578: Data_Checker__GB2, Data_Checker__GB1, Data_Checker__GB0, 
reg__12: GBCR2_SEU_Test__GCB1, 
logic__713: GBCR2_SEU_Test__GCB1, 
reg__128: GBCR2_SEU_Test__GCB1, 
case__547: Data_Checker__GB2, Data_Checker__GB1, Data_Checker__GB0, 
logic__1738: Data_Checker__GB2, 
muxpart__115: GBCR2_SEU_Test__GCB1, 
keep__34: GBCR2_SEU_Test__GCB0, 
reg__119: GBCR2_SEU_Test__GCB1, 
case__536: GBCR2_SEU_Test__GCB0, 
logic__1742: Data_Checker__GB2, 
case__262: GBCR2_SEU_Test__GCB1, 
case__537: GBCR2_SEU_Test__GCB0, 
datapath__116: GBCR2_SEU_Test__GCB1, 
keep__84: GBCR2_SEU_Test__GCB0, 
TCP_TXBUF: GBCR2_SEU_Test__GCB1, 
case__427: GBCR2_SEU_Test__GCB1, 
logic__48: GBCR2_SEU_Test__GCB1, 
case__344: GBCR2_SEU_Test__GCB1, 
logic__832: GBCR2_SEU_Test__GCB1, 
logic__1448: GBCR2_SEU_Test__GCB0, 
logic__540: GBCR2_SEU_Test__GCB1, 
tri_mode_ethernet_mac_0_bram_tdp: GBCR2_SEU_Test__GCB1, 
logic__1475: GBCR2_SEU_Test__GCB0, 
case__402: GBCR2_SEU_Test__GCB1, 
datapath__65: GBCR2_SEU_Test__GCB1, 
logic__658: GBCR2_SEU_Test__GCB1, 
reg__172: GBCR2_SEU_Test__GCB1, 
logic__406: GBCR2_SEU_Test__GCB1, 
case__592: Data_Checker__GB1, 
reg__289: GBCR2_SEU_Test__GCB1, 
keep__41: GBCR2_SEU_Test__GCB0, 
logic__1590: Data_Checker__GB2, Data_Checker__GB1, Data_Checker__GB0, 
logic__853: GBCR2_SEU_Test__GCB1, 
logic__1610: Data_Checker__GB2, Data_Checker__GB1, Data_Checker__GB0, 
logic__1846: Data_Checker__GB0, 
datapath__6: GBCR2_SEU_Test__GCB1, 
reg__295: GBCR2_SEU_Test__GCB1, 
logic__590: GBCR2_SEU_Test__GCB1, 
reg__327: GBCR2_SEU_Test__GCB1, 
GBCR2_SEU_Test__GCB0: GBCR2_SEU_Test__GCB0, 
muxpart__131: GBCR2_SEU_Test__GCB0, 
logic__515: GBCR2_SEU_Test__GCB1, 
logic__438: GBCR2_SEU_Test__GCB1, 
case__690: GBCR2_SEU_Test__GCB1, 
keep__144: GBCR2_SEU_Test__GCB0, 
counter__22: GBCR2_SEU_Test__GCB1, 
datapath__138: Data_Checker__GB1, 
case__61: GBCR2_SEU_Test__GCB1, 
case__21: GBCR2_SEU_Test__GCB1, 
keep__124: GBCR2_SEU_Test__GCB0, 
case__416: GBCR2_SEU_Test__GCB1, 
datapath__158: GBCR2_SEU_Test__GCB1, 
datapath__39: GBCR2_SEU_Test__GCB1, 
case__318: GBCR2_SEU_Test__GCB1, 
logic__1992: GBCR2_SEU_Test__GCB0, 
logic__350: GBCR2_SEU_Test__GCB1, 
logic__1527: Data_Checker__GB2, Data_Checker__GB1, Data_Checker__GB0, 
case__316: GBCR2_SEU_Test__GCB1, 
PING: GBCR2_SEU_Test__GCB1, 
logic__1877: GBCR2_SEU_Test__GCB1, 
reg__64: GBCR2_SEU_Test__GCB1, 
logic__265: GBCR2_SEU_Test__GCB1, 
case__421: GBCR2_SEU_Test__GCB1, 
reg__240: GBCR2_SEU_Test__GCB1, 
reg__146: GBCR2_SEU_Test__GCB1, 
reg__473: Data_Checker__GB2, 
reg__201: GBCR2_SEU_Test__GCB1, 
logic__1946: GBCR2_SEU_Test__GCB1, 
logic__835: GBCR2_SEU_Test__GCB1, 
logic__1720: Data_Checker__GB2, 
logic__813: GBCR2_SEU_Test__GCB1, 
logic__586: GBCR2_SEU_Test__GCB1, 
reg__366: GBCR2_SEU_Test__GCB0, 
reg__126: GBCR2_SEU_Test__GCB1, 
case__657: GBCR2_SEU_Test__GCB1, 
reg__21: GBCR2_SEU_Test__GCB1, 
case__489: GBCR2_SEU_Test__GCB1, 
case__315: GBCR2_SEU_Test__GCB1, 
keep__56: GBCR2_SEU_Test__GCB0, 
case__346: GBCR2_SEU_Test__GCB1, 
reg__170: GBCR2_SEU_Test__GCB1, 
datapath__28: GBCR2_SEU_Test__GCB1, 
keep__6: GBCR2_SEU_Test__GCB0, 
counter__28: GBCR2_SEU_Test__GCB1, 
logic__525: GBCR2_SEU_Test__GCB1, 
case__257: GBCR2_SEU_Test__GCB1, 
reg__30: GBCR2_SEU_Test__GCB1, 
case__330: GBCR2_SEU_Test__GCB1, 
reg__497: GBCR2_SEU_Test__GCB1, 
case__17: GBCR2_SEU_Test__GCB1, 
logic__1087: GBCR2_SEU_Test__GCB1, 
reg__208: GBCR2_SEU_Test__GCB1, 
case__298: GBCR2_SEU_Test__GCB1, 
case__347: GBCR2_SEU_Test__GCB1, 
reg__41: GBCR2_SEU_Test__GCB1, 
case__312: GBCR2_SEU_Test__GCB1, 
case__656: GBCR2_SEU_Test__GCB1, 
reg__439: Data_Checker__GB1, 
case__580: Data_Checker__GB1, 
logic__44: GBCR2_SEU_Test__GCB1, 
reg__80: GBCR2_SEU_Test__GCB1, 
reg__283: GBCR2_SEU_Test__GCB1, 
logic__1718: Data_Checker__GB2, 
reg__469: Data_Checker__GB2, 
case__505: GBCR2_SEU_Test__GCB0, 
logic__1219: GBCR2_SEU_Test__GCB1, 
extladd__4: GBCR2_SEU_Test__GCB1, 
case__403: GBCR2_SEU_Test__GCB1, 
ARP: GBCR2_SEU_Test__GCB1, 
reg__108: GBCR2_SEU_Test__GCB1, 
case__252: GBCR2_SEU_Test__GCB1, 
logic__879: GBCR2_SEU_Test__GCB1, 
muxpart__149: GBCR2_SEU_Test__GCB0, 
reg__82: GBCR2_SEU_Test__GCB1, 
case__245: GBCR2_SEU_Test__GCB1, 
reg__142: GBCR2_SEU_Test__GCB1, 
logic__1082: GBCR2_SEU_Test__GCB1, 
logic__720: GBCR2_SEU_Test__GCB1, 
logic__261: GBCR2_SEU_Test__GCB1, 
logic__562: GBCR2_SEU_Test__GCB1, 
reg__398: GBCR2_SEU_Test__GCB0, 
logic__1715: Data_Checker__GB1, 
logic__608: GBCR2_SEU_Test__GCB1, 
reg__495: GBCR2_SEU_Test__GCB1, 
case__93: GBCR2_SEU_Test__GCB1, 
logic__800: GBCR2_SEU_Test__GCB1, 
reg__245: GBCR2_SEU_Test__GCB1, 
case__54: GBCR2_SEU_Test__GCB1, 
fifo8to32: GBCR2_SEU_Test__GCB1, 
reg__450: Data_Checker__GB1, 
logic__234: GBCR2_SEU_Test__GCB1, 
reg__389: GBCR2_SEU_Test__GCB0, 
logic__523: GBCR2_SEU_Test__GCB1, 
logic__1498: GBCR2_SEU_Test__GCB1, 
logic__249: GBCR2_SEU_Test__GCB1, 
logic__1032: GBCR2_SEU_Test__GCB1, 
reg__206: GBCR2_SEU_Test__GCB1, 
case__279: GBCR2_SEU_Test__GCB1, 
datapath__22: GBCR2_SEU_Test__GCB1, 
muxpart__184: Data_Checker__GB2, 
TIMER_4US: GBCR2_SEU_Test__GCB1, 
case__602: Data_Checker__GB1, 
logic__23: GBCR2_SEU_Test__GCB1, 
case__106: GBCR2_SEU_Test__GCB1, 
reg__173: GBCR2_SEU_Test__GCB1, 
logic__1242: GBCR2_SEU_Test__GCB1, 
addsub__2: GBCR2_SEU_Test__GCB1, 
logic__252: GBCR2_SEU_Test__GCB1, 
logic__1841: Data_Checker__GB2, 
logic__1293: GBCR2_SEU_Test__GCB1, 
logic__1953: GBCR2_SEU_Test__GCB1, 
logic__1148: GBCR2_SEU_Test__GCB1, 
datapath__74: GBCR2_SEU_Test__GCB1, 
case__384: GBCR2_SEU_Test__GCB1, 
logic__564: GBCR2_SEU_Test__GCB1, 
case__360: GBCR2_SEU_Test__GCB1, 
reg__380: GBCR2_SEU_Test__GCB0, 
logic__1509: GBCR2_SEU_Test__GCB1, 
CRC32gen: Data_Checker__GB2, Data_Checker__GB1, Data_Checker__GB0, 
case__515: GBCR2_SEU_Test__GCB0, 
keep__132: GBCR2_SEU_Test__GCB0, 
reg__405: GBCR2_SEU_Test__GCB0, 
reg__169: GBCR2_SEU_Test__GCB1, 
logic__47: GBCR2_SEU_Test__GCB1, 
logic__1658: Data_Checker__GB2, Data_Checker__GB1, Data_Checker__GB0, 
datapath__26: GBCR2_SEU_Test__GCB1, 
logic__1872: GBCR2_SEU_Test__GCB1, 
case__118: GBCR2_SEU_Test__GCB1, 
case__578: Data_Checker__GB2, Data_Checker__GB1, Data_Checker__GB0, 
case__511: GBCR2_SEU_Test__GCB0, 
reg__235: GBCR2_SEU_Test__GCB1, 
reg__45: GBCR2_SEU_Test__GCB1, 
signinv: GBCR2_SEU_Test__GCB1, 
reg__39: GBCR2_SEU_Test__GCB1, 
case__371: GBCR2_SEU_Test__GCB1, 
reg__15: GBCR2_SEU_Test__GCB1, 
case__116: GBCR2_SEU_Test__GCB1, 
case__649: Data_Checker__GB0, 
muxpart__154: GBCR2_SEU_Test__GCB0, 
logic__1312: GBCR2_SEU_Test__GCB1, 
keep__112: GBCR2_SEU_Test__GCB0, 
muxpart__150: GBCR2_SEU_Test__GCB0, 
reg__350: GBCR2_SEU_Test__GCB1, 
logic__499: GBCR2_SEU_Test__GCB1, 
keep__165: GBCR2_SEU_Test__GCB0, 
reg__53: GBCR2_SEU_Test__GCB1, 
case__349: GBCR2_SEU_Test__GCB1, 
datapath__114: GBCR2_SEU_Test__GCB1, 
case__420: GBCR2_SEU_Test__GCB1, 
reg__217: GBCR2_SEU_Test__GCB1, 
logic__620: GBCR2_SEU_Test__GCB1, 
case__512: GBCR2_SEU_Test__GCB0, 
logic__538: GBCR2_SEU_Test__GCB1, 
logic__770: GBCR2_SEU_Test__GCB1, 
reg__413: GBCR2_SEU_Test__GCB1, 
logic__1426: GBCR2_SEU_Test__GCB0, 
tri_mode_ethernet_mac_0_axi_lite_sm: GBCR2_SEU_Test__GCB1, 
logic__242: GBCR2_SEU_Test__GCB1, 
reg__274: GBCR2_SEU_Test__GCB1, 
logic__1597: Data_Checker__GB2, Data_Checker__GB1, Data_Checker__GB0, 
case__304: GBCR2_SEU_Test__GCB1, 
datapath__21: GBCR2_SEU_Test__GCB1, 
reg__394: GBCR2_SEU_Test__GCB0, 
case__246: GBCR2_SEU_Test__GCB1, 
keep__47: GBCR2_SEU_Test__GCB0, 
reg__68: GBCR2_SEU_Test__GCB1, 
logic__108: GBCR2_SEU_Test__GCB1, 
logic__1042: GBCR2_SEU_Test__GCB1, 
logic__1570: Data_Checker__GB2, Data_Checker__GB1, Data_Checker__GB0, 
SER32b: Data_Checker__GB2, 
reg__342: GBCR2_SEU_Test__GCB1, 
case__314: GBCR2_SEU_Test__GCB1, 
reg__410: GBCR2_SEU_Test__GCB0, 
counter__20: GBCR2_SEU_Test__GCB1, 
case__456: GBCR2_SEU_Test__GCB1, 
keep__76: GBCR2_SEU_Test__GCB0, 
case__210: GBCR2_SEU_Test__GCB1, 
keep__104: GBCR2_SEU_Test__GCB0, 
keep__151: GBCR2_SEU_Test__GCB0, 
case__126: GBCR2_SEU_Test__GCB1, 
logic__254: GBCR2_SEU_Test__GCB1, 
case__721: GBCR2_SEU_Test__GCB1, 
logic__1526: Data_Checker__GB2, Data_Checker__GB1, Data_Checker__GB0, 
case__55: GBCR2_SEU_Test__GCB1, 
logic__843: GBCR2_SEU_Test__GCB1, 
logic__256: GBCR2_SEU_Test__GCB1, 
reg__100: GBCR2_SEU_Test__GCB1, 
case__242: GBCR2_SEU_Test__GCB1, 
reg__448: Data_Checker__GB1, 
case__282: GBCR2_SEU_Test__GCB1, 
datapath__111: GBCR2_SEU_Test__GCB1, 
case__14: GBCR2_SEU_Test__GCB1, 
keep__174: GBCR2_SEU_Test__GCB1, 
logic__758: GBCR2_SEU_Test__GCB1, 
datapath__66: GBCR2_SEU_Test__GCB1, 
logic__1095: GBCR2_SEU_Test__GCB1, 
reg__250: GBCR2_SEU_Test__GCB1, 
case__254: GBCR2_SEU_Test__GCB1, 
i2c_master: GBCR2_SEU_Test__GCB1, 
case__365: GBCR2_SEU_Test__GCB1, 
logic__494: GBCR2_SEU_Test__GCB1, 
addsub__1: GBCR2_SEU_Test__GCB1, 
logic__1857: Data_Checker__GB0, 
CRC32_8gen: Data_Checker__GB2, Data_Checker__GB1, Data_Checker__GB0, 
case__128: GBCR2_SEU_Test__GCB1, 
signinv__5: Data_Checker__GB2, Data_Checker__GB1, Data_Checker__GB0, 
logic__1746: Data_Checker__GB2, 
logic__33: GBCR2_SEU_Test__GCB1, 
logic__245: GBCR2_SEU_Test__GCB1, 
case__442: GBCR2_SEU_Test__GCB1, 
datapath__95: GBCR2_SEU_Test__GCB1, 
logic__1116: GBCR2_SEU_Test__GCB1, 
muxpart__1: global_clock_reset__GC0, 
case__709: GBCR2_SEU_Test__GCB1, 
case__487: GBCR2_SEU_Test__GCB1, 
case__297: GBCR2_SEU_Test__GCB1, 
case__533: GBCR2_SEU_Test__GCB0, 
reg__477: Data_Checker__GB0, 
case__398: GBCR2_SEU_Test__GCB1, 
logic__654: GBCR2_SEU_Test__GCB1, 
case__658: GBCR2_SEU_Test__GCB1, 
logic__1991: GBCR2_SEU_Test__GCB1, 
case__357: GBCR2_SEU_Test__GCB1, 
logic__1272: GBCR2_SEU_Test__GCB1, 
logic__1751: Data_Checker__GB2, 
logic__801: GBCR2_SEU_Test__GCB1, 
logic__253: GBCR2_SEU_Test__GCB1, 
reg__504: GBCR2_SEU_Test__GCB1, 
logic__220: GBCR2_SEU_Test__GCB1, 
reg__84: GBCR2_SEU_Test__GCB1, 
reg__365: GBCR2_SEU_Test__GCB0, 
reg__16: GBCR2_SEU_Test__GCB1, 
reg__309: GBCR2_SEU_Test__GCB1, 
datapath__17: GBCR2_SEU_Test__GCB1, 
case__115: GBCR2_SEU_Test__GCB1, 
keep__20: GBCR2_SEU_Test__GCB0, 
case__575: Data_Checker__GB2, Data_Checker__GB1, Data_Checker__GB0, 
reg__404: GBCR2_SEU_Test__GCB0, 
Data_Source: GBCR2_SEU_Test__GCB1, 
reg__385: GBCR2_SEU_Test__GCB0, 
logic__110: GBCR2_SEU_Test__GCB1, 
muxpart__178: Data_Checker__GB1, 
reg__127: GBCR2_SEU_Test__GCB1, 
datapath__1: GBCR2_SEU_Test__GCB1, 
datapath__148: Data_Checker__GB2, 
logic__1884: GBCR2_SEU_Test__GCB1, 
case__348: GBCR2_SEU_Test__GCB1, 
case__31: GBCR2_SEU_Test__GCB1, 
logic__481: GBCR2_SEU_Test__GCB1, 
muxpart__134: GBCR2_SEU_Test__GCB0, 
case__423: GBCR2_SEU_Test__GCB1, 
muxpart__141: GBCR2_SEU_Test__GCB0, 
keep__46: GBCR2_SEU_Test__GCB0, 
logic__1397: GBCR2_SEU_Test__GCB0, 
counter__8: GBCR2_SEU_Test__GCB1, 
keep__143: GBCR2_SEU_Test__GCB0, 
logic__1583: Data_Checker__GB2, Data_Checker__GB1, Data_Checker__GB0, 
case__590: Data_Checker__GB1, 
datapath__84: GBCR2_SEU_Test__GCB1, 
logic__625: GBCR2_SEU_Test__GCB1, 
logic__479: GBCR2_SEU_Test__GCB1, 
keep__107: GBCR2_SEU_Test__GCB0, 
muxpart__144: GBCR2_SEU_Test__GCB0, 
reg__349: GBCR2_SEU_Test__GCB1, 
case__430: GBCR2_SEU_Test__GCB1, 
logic__730: GBCR2_SEU_Test__GCB1, 
reg__63: GBCR2_SEU_Test__GCB1, 
reg__359: GBCR2_SEU_Test__GCB0, 
logic__755: GBCR2_SEU_Test__GCB1, 
case__295: GBCR2_SEU_Test__GCB1, 
reg__317: GBCR2_SEU_Test__GCB1, 
case__508: GBCR2_SEU_Test__GCB0, 
logic__1060: GBCR2_SEU_Test__GCB1, 
logic__769: GBCR2_SEU_Test__GCB1, 
case__572: Data_Checker__GB2, Data_Checker__GB1, Data_Checker__GB0, 
reg__367: GBCR2_SEU_Test__GCB0, 
SearchSamplePoint: Data_Checker__GB1, 
logic__846: GBCR2_SEU_Test__GCB1, 
case__299: GBCR2_SEU_Test__GCB1, 
keep__77: GBCR2_SEU_Test__GCB0, 
keep__95: GBCR2_SEU_Test__GCB0, 
logic__1086: GBCR2_SEU_Test__GCB1, 
logic__576: GBCR2_SEU_Test__GCB1, 
muxpart__185: Data_Checker__GB2, 
logic__862: GBCR2_SEU_Test__GCB1, 
case__329: GBCR2_SEU_Test__GCB1, 
datapath__130: Data_Checker__GB2, Data_Checker__GB1, Data_Checker__GB0, 
case__129: GBCR2_SEU_Test__GCB1, 
case__185: GBCR2_SEU_Test__GCB1, 
signinv__9: Data_Checker__GB2, 
logic__1421: GBCR2_SEU_Test__GCB0, 
logic__255: GBCR2_SEU_Test__GCB1, 
reg__251: GBCR2_SEU_Test__GCB1, 
reg__492: GBCR2_SEU_Test__GCB1, 
reg__425: Data_Checker__GB2, Data_Checker__GB1, Data_Checker__GB0, 
logic__1663: Data_Checker__GB1, 
logic__109: GBCR2_SEU_Test__GCB1, 
logic__493: GBCR2_SEU_Test__GCB1, 
keep__119: GBCR2_SEU_Test__GCB0, 
logic__1029: GBCR2_SEU_Test__GCB1, 
keep__11: GBCR2_SEU_Test__GCB0, 
reg__259: GBCR2_SEU_Test__GCB1, 
logic__934: GBCR2_SEU_Test__GCB1, 
logic__724: GBCR2_SEU_Test__GCB1, 
case__284: GBCR2_SEU_Test__GCB1, 
case__117: GBCR2_SEU_Test__GCB1, 
logic__1876: GBCR2_SEU_Test__GCB1, 
logic__229: GBCR2_SEU_Test__GCB1, 
case__521: GBCR2_SEU_Test__GCB0, 
case__92: GBCR2_SEU_Test__GCB1, 
reg__312: GBCR2_SEU_Test__GCB1, 
counter__40: Data_Checker__GB2, 
reg__163: GBCR2_SEU_Test__GCB1, 
case__498: GBCR2_SEU_Test__GCB0, 
UDP2SERIAL: GBCR2_SEU_Test__GCB1, 
reg__118: GBCR2_SEU_Test__GCB1, 
reg__88: GBCR2_SEU_Test__GCB1, 
reg__412: GBCR2_SEU_Test__GCB1, 
case__207: GBCR2_SEU_Test__GCB1, 
logic__1573: Data_Checker__GB2, Data_Checker__GB1, Data_Checker__GB0, 
datapath__27: GBCR2_SEU_Test__GCB1, 
logic__623: GBCR2_SEU_Test__GCB1, 
case__583: Data_Checker__GB1, 
logic__1205: GBCR2_SEU_Test__GCB1, 
reg__203: GBCR2_SEU_Test__GCB1, 
reg__264: GBCR2_SEU_Test__GCB1, 
datapath__18: GBCR2_SEU_Test__GCB1, 
logic__89: GBCR2_SEU_Test__GCB1, 
logic__1259: GBCR2_SEU_Test__GCB1, 
case__361: GBCR2_SEU_Test__GCB1, 
reg__375: GBCR2_SEU_Test__GCB0, 
BRAM_DP: GBCR2_SEU_Test__GCB1, 
logic__1119: GBCR2_SEU_Test__GCB1, 
counter__17: GBCR2_SEU_Test__GCB1, 
logic__1439: GBCR2_SEU_Test__GCB0, 
keep__28: GBCR2_SEU_Test__GCB0, 
reg__352: GBCR2_SEU_Test__GCB1, 
logic__631: GBCR2_SEU_Test__GCB1, 
datapath__125: GBCR2_SEU_Test__GCB0, 
case__541: GBCR2_SEU_Test__GCB0, 
logic__1581: Data_Checker__GB2, Data_Checker__GB1, Data_Checker__GB0, 
logic__1267: GBCR2_SEU_Test__GCB1, 
datapath__60: GBCR2_SEU_Test__GCB1, 
logic__1705: Data_Checker__GB1, 
reg__351: GBCR2_SEU_Test__GCB1, 
logic__752: GBCR2_SEU_Test__GCB1, 
logic__536: GBCR2_SEU_Test__GCB1, 
reg__447: Data_Checker__GB1, 
fifo32to8: GBCR2_SEU_Test__GCB1, 
case__412: GBCR2_SEU_Test__GCB1, 
reg__236: GBCR2_SEU_Test__GCB1, 
reg__499: GBCR2_SEU_Test__GCB1, 
case__112: GBCR2_SEU_Test__GCB1, 
keep__7: GBCR2_SEU_Test__GCB0, 
case__340: GBCR2_SEU_Test__GCB1, 
logic__928: GBCR2_SEU_Test__GCB1, 
case__352: GBCR2_SEU_Test__GCB1, 
reg__102: GBCR2_SEU_Test__GCB1, 
logic__1716: Data_Checker__GB1, 
muxpart__105: GBCR2_SEU_Test__GCB1, 
logic__1165: GBCR2_SEU_Test__GCB1, 
logic__1094: GBCR2_SEU_Test__GCB1, 
logic__842: GBCR2_SEU_Test__GCB1, 
case__595: Data_Checker__GB1, 
case__94: GBCR2_SEU_Test__GCB1, 
counter__26: GBCR2_SEU_Test__GCB1, 
datapath__150: Data_Checker__GB2, 
reg__258: GBCR2_SEU_Test__GCB1, 
keep__159: GBCR2_SEU_Test__GCB0, 
logic__344: GBCR2_SEU_Test__GCB1, 
reg__210: GBCR2_SEU_Test__GCB1, 
logic__1112: GBCR2_SEU_Test__GCB1, 
reg__329: GBCR2_SEU_Test__GCB1, 
logic__412: GBCR2_SEU_Test__GCB1, 
reg__328: GBCR2_SEU_Test__GCB1, 
reg__291: GBCR2_SEU_Test__GCB1, 
case__217: GBCR2_SEU_Test__GCB1, 
case__526: GBCR2_SEU_Test__GCB0, 
case__9: global_clock_reset__GC0, 
keep__97: GBCR2_SEU_Test__GCB0, 
case__169: GBCR2_SEU_Test__GCB1, 
case__711: GBCR2_SEU_Test__GCB1, 
reg__227: GBCR2_SEU_Test__GCB1, 
reg__186: GBCR2_SEU_Test__GCB1, 
logic__1776: Data_Checker__GB2, 
logic__100: GBCR2_SEU_Test__GCB1, 
logic__264: GBCR2_SEU_Test__GCB1, 
logic__1458: GBCR2_SEU_Test__GCB0, 
logic__1122: GBCR2_SEU_Test__GCB1, 
case__377: GBCR2_SEU_Test__GCB1, 
case__277: GBCR2_SEU_Test__GCB1, 
datapath__110: GBCR2_SEU_Test__GCB1, 
logic__734: GBCR2_SEU_Test__GCB1, 
keep__108: GBCR2_SEU_Test__GCB0, 
reg__303: GBCR2_SEU_Test__GCB1, 
logic__696: GBCR2_SEU_Test__GCB1, 
logic__1879: GBCR2_SEU_Test__GCB1, 
logic__1794: Data_Checker__GB2, 
case__483: GBCR2_SEU_Test__GCB1, 
case__219: GBCR2_SEU_Test__GCB1, 
datapath__115: GBCR2_SEU_Test__GCB1, 
case__385: GBCR2_SEU_Test__GCB1, 
logic__970: GBCR2_SEU_Test__GCB1, 
reg__237: GBCR2_SEU_Test__GCB1, 
case__303: GBCR2_SEU_Test__GCB1, 
case__705: GBCR2_SEU_Test__GCB1, 
case__568: Data_Checker__GB2, Data_Checker__GB1, Data_Checker__GB0, 
logic__1396: GBCR2_SEU_Test__GCB0, 
counter__19: GBCR2_SEU_Test__GCB1, 
case__178: GBCR2_SEU_Test__GCB1, 
datapath__132: Data_Checker__GB1, 
logic__1248: GBCR2_SEU_Test__GCB1, 
logic__1769: Data_Checker__GB2, 
logic__1355: GBCR2_SEU_Test__GCB1, 
keep__157: GBCR2_SEU_Test__GCB0, 
reg__140: GBCR2_SEU_Test__GCB1, 
case__173: GBCR2_SEU_Test__GCB1, 
logic__539: GBCR2_SEU_Test__GCB1, 
datapath__121: GBCR2_SEU_Test__GCB0, 
signinv__7: Data_Checker__GB1, 
reg__11: GBCR2_SEU_Test__GCB1, 
global_clock_reset__GC0: global_clock_reset__GC0, 
logic__602: GBCR2_SEU_Test__GCB1, 
datapath__2: GBCR2_SEU_Test__GCB1, 
case__723: GBCR2_SEU_Test__GCB1, 
case__708: GBCR2_SEU_Test__GCB1, 
muxpart__97: GBCR2_SEU_Test__GCB1, 
logic__768: GBCR2_SEU_Test__GCB1, 
logic__1265: GBCR2_SEU_Test__GCB1, 
keep__68: GBCR2_SEU_Test__GCB0, 
logic__1198: GBCR2_SEU_Test__GCB1, 
logic__733: GBCR2_SEU_Test__GCB1, 
logic__45: GBCR2_SEU_Test__GCB1, 
logic__824: GBCR2_SEU_Test__GCB1, 
keep__161: GBCR2_SEU_Test__GCB0, 
muxpart__175: Data_Checker__GB1, 
reg__401: GBCR2_SEU_Test__GCB0, 
logic__1163: GBCR2_SEU_Test__GCB1, 
muxpart__173: Data_Checker__GB1, 
reg__496: GBCR2_SEU_Test__GCB1, 
muxpart__227: GBCR2_SEU_Test__GCB1, 
dataPrbs7Check: Data_Checker__GB1, 
case__582: Data_Checker__GB1, 
logic__1520: Data_Checker__GB2, Data_Checker__GB1, Data_Checker__GB0, 
counter__33: Data_Checker__GB1, 
logic__26: GBCR2_SEU_Test__GCB1, 
reg__483: GBCR2_SEU_Test__GCB1, 
reg__249: GBCR2_SEU_Test__GCB1, 
case__122: GBCR2_SEU_Test__GCB1, 
case__465: GBCR2_SEU_Test__GCB1, 
case__437: GBCR2_SEU_Test__GCB1, 
reg__474: Data_Checker__GB2, 
case__20: GBCR2_SEU_Test__GCB1, 
case__689: GBCR2_SEU_Test__GCB1, 
logic__1792: Data_Checker__GB2, 
logic__1840: Data_Checker__GB2, 
muxpart__110: GBCR2_SEU_Test__GCB1, 
reg__223: GBCR2_SEU_Test__GCB1, 
keep__91: GBCR2_SEU_Test__GCB0, 
logic__1775: Data_Checker__GB2, 
keep__18: GBCR2_SEU_Test__GCB0, 
logic__1384: GBCR2_SEU_Test__GCB0, 
case__383: GBCR2_SEU_Test__GCB1, 
case__363: GBCR2_SEU_Test__GCB1, 
case__165: GBCR2_SEU_Test__GCB1, 
logic__37: GBCR2_SEU_Test__GCB1, 
reg__430: Data_Checker__GB1, 
keep__153: GBCR2_SEU_Test__GCB0, 
logic__1856: Data_Checker__GB0, 
keep__54: GBCR2_SEU_Test__GCB0, 
reg__226: GBCR2_SEU_Test__GCB1, 
logic__1158: GBCR2_SEU_Test__GCB1, 
case__696: GBCR2_SEU_Test__GCB1, 
logic__908: GBCR2_SEU_Test__GCB1, 
case__256: GBCR2_SEU_Test__GCB1, 
case__710: GBCR2_SEU_Test__GCB1, 
logic__964: GBCR2_SEU_Test__GCB1, 
counter__10: GBCR2_SEU_Test__GCB1, 
case__131: GBCR2_SEU_Test__GCB1, 
case__610: Data_Checker__GB2, 
reg__414: GBCR2_SEU_Test__GCB1, 
logic__1098: GBCR2_SEU_Test__GCB1, 
logic__624: GBCR2_SEU_Test__GCB1, 
logic__710: GBCR2_SEU_Test__GCB1, 
logic__856: GBCR2_SEU_Test__GCB1, 
extladd__3: GBCR2_SEU_Test__GCB1, 
case__247: GBCR2_SEU_Test__GCB1, 
case__214: GBCR2_SEU_Test__GCB1, 
case__652: GBCR2_SEU_Test__GCB1, 
reg__267: GBCR2_SEU_Test__GCB1, 
logic__931: GBCR2_SEU_Test__GCB1, 
logic__1059: GBCR2_SEU_Test__GCB1, 
keep__63: GBCR2_SEU_Test__GCB0, 
reg__113: GBCR2_SEU_Test__GCB1, 
logic__1321: GBCR2_SEU_Test__GCB1, 
logic__922: GBCR2_SEU_Test__GCB1, 
keep__31: GBCR2_SEU_Test__GCB0, 
datapath__155: GBCR2_SEU_Test__GCB1, 
logic__1051: GBCR2_SEU_Test__GCB1, 
reg__205: GBCR2_SEU_Test__GCB1, 
case__98: GBCR2_SEU_Test__GCB1, 
case__110: GBCR2_SEU_Test__GCB1, 
logic__1123: GBCR2_SEU_Test__GCB1, 
logic__810: GBCR2_SEU_Test__GCB1, 
logic__563: GBCR2_SEU_Test__GCB1, 
case__85: GBCR2_SEU_Test__GCB1, 
logic__224: GBCR2_SEU_Test__GCB1, 
case__354: GBCR2_SEU_Test__GCB1, 
reg__455: Data_Checker__GB1, 
reg__83: GBCR2_SEU_Test__GCB1, 
muxpart__204: GBCR2_SEU_Test__GCB1, 
reg__76: GBCR2_SEU_Test__GCB1, 
logic__1271: GBCR2_SEU_Test__GCB1, 
reg__298: GBCR2_SEU_Test__GCB1, 
case__390: GBCR2_SEU_Test__GCB1, 
reg__408: GBCR2_SEU_Test__GCB0, 
reg__97: GBCR2_SEU_Test__GCB1, 
logic__916: GBCR2_SEU_Test__GCB1, 
case__83: GBCR2_SEU_Test__GCB1, 
tri_mode_ethernet_mac_0_ten_100_1g_eth_fifo: GBCR2_SEU_Test__GCB1, 
case__502: GBCR2_SEU_Test__GCB0, 
reg__500: GBCR2_SEU_Test__GCB1, 
case__281: GBCR2_SEU_Test__GCB1, 
logic__1588: Data_Checker__GB2, Data_Checker__GB1, Data_Checker__GB0, 
keep__44: GBCR2_SEU_Test__GCB0, 
case__726: GBCR2_SEU_Test__GCB1, 
datapath__31: GBCR2_SEU_Test__GCB1, 
case__213: GBCR2_SEU_Test__GCB1, 
logic__1659: Data_Checker__GB2, Data_Checker__GB1, Data_Checker__GB0, 
gtwizard_0_exdes: GBCR2_SEU_Test__GCB0, 
logic__569: GBCR2_SEU_Test__GCB1, 
reg__105: GBCR2_SEU_Test__GCB1, 
reg__457: Data_Checker__GB2, 
case__288: GBCR2_SEU_Test__GCB1, 
keep__109: GBCR2_SEU_Test__GCB0, 
case__473: GBCR2_SEU_Test__GCB1, 
keep__88: GBCR2_SEU_Test__GCB0, 
datapath__93: GBCR2_SEU_Test__GCB1, 
muxpart__108: GBCR2_SEU_Test__GCB1, 
datapath__25: GBCR2_SEU_Test__GCB1, 
logic__1748: Data_Checker__GB2, 
logic__1233: GBCR2_SEU_Test__GCB1, 
logic__1017: GBCR2_SEU_Test__GCB1, 
datapath__34: GBCR2_SEU_Test__GCB1, 
reg__337: GBCR2_SEU_Test__GCB1, 
reg__409: GBCR2_SEU_Test__GCB0, 
case__313: GBCR2_SEU_Test__GCB1, 
case__57: GBCR2_SEU_Test__GCB1, 
case__704: GBCR2_SEU_Test__GCB1, 
case__446: GBCR2_SEU_Test__GCB1, 
reg__224: GBCR2_SEU_Test__GCB1, 
reg__156: GBCR2_SEU_Test__GCB1, 
logic__511: GBCR2_SEU_Test__GCB1, 
logic__246: GBCR2_SEU_Test__GCB1, 
case__19: GBCR2_SEU_Test__GCB1, 
reg__277: GBCR2_SEU_Test__GCB1, 
logic__877: GBCR2_SEU_Test__GCB1, 
case__462: GBCR2_SEU_Test__GCB1, 
datapath__135: Data_Checker__GB1, 
counter__16: GBCR2_SEU_Test__GCB1, 
logic__484: GBCR2_SEU_Test__GCB1, 
logic__35: GBCR2_SEU_Test__GCB1, 
case__599: Data_Checker__GB1, 
muxpart__146: GBCR2_SEU_Test__GCB0, 
datapath__96: GBCR2_SEU_Test__GCB1, 
logic__723: GBCR2_SEU_Test__GCB1, 
i2c_wr_bytes: GBCR2_SEU_Test__GCB1, 
logic__598: GBCR2_SEU_Test__GCB1, 
reg__326: GBCR2_SEU_Test__GCB1, 
reg__440: Data_Checker__GB1, 
case__56: GBCR2_SEU_Test__GCB1, 
reg__446: Data_Checker__GB1, 
reg__218: GBCR2_SEU_Test__GCB1, 
logic__513: GBCR2_SEU_Test__GCB1, 
reg__130: GBCR2_SEU_Test__GCB1, 
reg__26: GBCR2_SEU_Test__GCB1, 
reg__101: GBCR2_SEU_Test__GCB1, 
case__269: GBCR2_SEU_Test__GCB1, 
logic__1878: GBCR2_SEU_Test__GCB1, 
datapath__118: GBCR2_SEU_Test__GCB1, 
muxpart__104: GBCR2_SEU_Test__GCB1, 
counter__37: Data_Checker__GB2, 
logic__789: GBCR2_SEU_Test__GCB1, 
logic__1113: GBCR2_SEU_Test__GCB1, 
logic__93: GBCR2_SEU_Test__GCB1, 
case__540: GBCR2_SEU_Test__GCB0, 
logic__874: GBCR2_SEU_Test__GCB1, 
logic__787: GBCR2_SEU_Test__GCB1, 
reg__162: GBCR2_SEU_Test__GCB1, 
case__53: GBCR2_SEU_Test__GCB1, 
case__485: GBCR2_SEU_Test__GCB1, 
PACKET_PARSING: GBCR2_SEU_Test__GCB1, 
keep__83: GBCR2_SEU_Test__GCB0, 
counter__30: Data_Checker__GB2, Data_Checker__GB1, Data_Checker__GB0, 
reg__428: Data_Checker__GB1, 
datapath__90: GBCR2_SEU_Test__GCB1, 
datapath__44: GBCR2_SEU_Test__GCB1, 
logic__767: GBCR2_SEU_Test__GCB1, 
keep__57: GBCR2_SEU_Test__GCB0, 
logic__520: GBCR2_SEU_Test__GCB1, 
case__362: GBCR2_SEU_Test__GCB1, 
logic__599: GBCR2_SEU_Test__GCB1, 
logic__1090: GBCR2_SEU_Test__GCB1, 
reg__272: GBCR2_SEU_Test__GCB1, 
logic__910: GBCR2_SEU_Test__GCB1, 
case__574: Data_Checker__GB2, Data_Checker__GB1, Data_Checker__GB0, 
logic__1236: GBCR2_SEU_Test__GCB1, 
logic__257: GBCR2_SEU_Test__GCB1, 
reg__33: GBCR2_SEU_Test__GCB1, 
case__519: GBCR2_SEU_Test__GCB0, 
reg__378: GBCR2_SEU_Test__GCB0, 
reg__131: GBCR2_SEU_Test__GCB1, 
logic__52: GBCR2_SEU_Test__GCB1, 
reg__486: GBCR2_SEU_Test__GCB1, 
reg__229: GBCR2_SEU_Test__GCB1, 
case__60: GBCR2_SEU_Test__GCB1, 
keep__13: GBCR2_SEU_Test__GCB0, 
counter__29: GBCR2_SEU_Test__GCB1, 
reg__445: Data_Checker__GB1, 
reg__422: Data_Checker__GB2, Data_Checker__GB1, Data_Checker__GB0, 
logic__881: GBCR2_SEU_Test__GCB1, 
case__16: GBCR2_SEU_Test__GCB1, 
datapath__43: GBCR2_SEU_Test__GCB1, 
reg__470: Data_Checker__GB2, 
case__160: GBCR2_SEU_Test__GCB1, 
logic__1239: GBCR2_SEU_Test__GCB1, 
reg__305: GBCR2_SEU_Test__GCB1, 
case__179: GBCR2_SEU_Test__GCB1, 
keep__50: GBCR2_SEU_Test__GCB0, 
case__426: GBCR2_SEU_Test__GCB1, 
logic__663: GBCR2_SEU_Test__GCB1, 
reg__392: GBCR2_SEU_Test__GCB0, 
reg__230: GBCR2_SEU_Test__GCB1, 
keep__8: GBCR2_SEU_Test__GCB0, 
case__433: GBCR2_SEU_Test__GCB1, 
muxpart__151: GBCR2_SEU_Test__GCB0, 
logic__1077: GBCR2_SEU_Test__GCB1, 
GBCR2_SEU_Test__GCB1: GBCR2_SEU_Test__GCB1, 
case__538: GBCR2_SEU_Test__GCB0, 
datapath__3: GBCR2_SEU_Test__GCB1, 
logic__1226: GBCR2_SEU_Test__GCB1, 
logic__1125: GBCR2_SEU_Test__GCB1, 
reg__144: GBCR2_SEU_Test__GCB1, 
logic__1873: GBCR2_SEU_Test__GCB1, 
datapath__7: GBCR2_SEU_Test__GCB1, 
keep__79: GBCR2_SEU_Test__GCB0, 
logic__958: GBCR2_SEU_Test__GCB1, 
case__492: GBCR2_SEU_Test__GCB0, 
case__159: GBCR2_SEU_Test__GCB1, 
datapath__147: Data_Checker__GB2, 
datapath__87: GBCR2_SEU_Test__GCB1, 
case__353: GBCR2_SEU_Test__GCB1, 
keep__96: GBCR2_SEU_Test__GCB0, 
case__263: GBCR2_SEU_Test__GCB1, 
case__570: Data_Checker__GB2, Data_Checker__GB1, Data_Checker__GB0, 
logic__205: GBCR2_SEU_Test__GCB1, 
keep__60: GBCR2_SEU_Test__GCB0, 
counter__9: GBCR2_SEU_Test__GCB1, 
case__121: GBCR2_SEU_Test__GCB1, 
muxpart__186: Data_Checker__GB2, 
case__717: GBCR2_SEU_Test__GCB1, 
keep__65: GBCR2_SEU_Test__GCB0, 
datapath__47: GBCR2_SEU_Test__GCB1, 
logic__423: GBCR2_SEU_Test__GCB1, 
logic__347: GBCR2_SEU_Test__GCB1, 
reg__335: GBCR2_SEU_Test__GCB1, 
logic__506: GBCR2_SEU_Test__GCB1, 
case__647: Data_Checker__GB2, 
case__79: GBCR2_SEU_Test__GCB1, 
logic__1016: GBCR2_SEU_Test__GCB1, 
muxpart__124: GBCR2_SEU_Test__GCB0, 
case__588: Data_Checker__GB1, 
case__648: Data_Checker__GB0, 
case__470: GBCR2_SEU_Test__GCB1, 
datapath__40: GBCR2_SEU_Test__GCB1, 
extladd__5: Data_Checker__GB1, 
reg__416: Data_Checker__GB2, Data_Checker__GB1, Data_Checker__GB0, 
datapath__144: Data_Checker__GB2, 
datapath__143: Data_Checker__GB2, 
keep__117: GBCR2_SEU_Test__GCB0, 
case__714: GBCR2_SEU_Test__GCB1, 
reg__347: GBCR2_SEU_Test__GCB1, 
case__477: GBCR2_SEU_Test__GCB1, 
case__310: GBCR2_SEU_Test__GCB1, 
reg__139: GBCR2_SEU_Test__GCB1, 
logic__480: GBCR2_SEU_Test__GCB1, 
logic__512: GBCR2_SEU_Test__GCB1, 
case__370: GBCR2_SEU_Test__GCB1, 
signinv__4: Data_Checker__GB2, Data_Checker__GB1, Data_Checker__GB0, 
case__444: GBCR2_SEU_Test__GCB1, 
logic__1524: Data_Checker__GB2, Data_Checker__GB1, Data_Checker__GB0, 
case__107: GBCR2_SEU_Test__GCB1, 
case__635: Data_Checker__GB2, 
case__495: GBCR2_SEU_Test__GCB0, 
case__608: Data_Checker__GB1, 
logic__1732: Data_Checker__GB2, 
signinv__6: Data_Checker__GB1, 
case__577: Data_Checker__GB2, Data_Checker__GB1, Data_Checker__GB0, 
case__289: GBCR2_SEU_Test__GCB1, 
logic__228: GBCR2_SEU_Test__GCB1, 
counter__15: GBCR2_SEU_Test__GCB1, 
reg__136: GBCR2_SEU_Test__GCB1, 
case__175: GBCR2_SEU_Test__GCB1, 
reg__490: GBCR2_SEU_Test__GCB1, 
reg__10: GBCR2_SEU_Test__GCB1, 
datapath__35: GBCR2_SEU_Test__GCB1, 
case__317: GBCR2_SEU_Test__GCB1, 
logic__1752: Data_Checker__GB2, 
keep__15: GBCR2_SEU_Test__GCB0, 
reg__7: GBCR2_SEU_Test__GCB1, 
case__167: GBCR2_SEU_Test__GCB1, 
datapath__29: GBCR2_SEU_Test__GCB1, 
reg__307: GBCR2_SEU_Test__GCB1, 
case__399: GBCR2_SEU_Test__GCB1, 
case__294: GBCR2_SEU_Test__GCB1, 
logic__27: GBCR2_SEU_Test__GCB1, 
logic__1660: Data_Checker__GB1, 
keep__139: GBCR2_SEU_Test__GCB0, 
reg__22: GBCR2_SEU_Test__GCB1, 
reg__322: GBCR2_SEU_Test__GCB1, 
logic__861: GBCR2_SEU_Test__GCB1, 
reg__427: Data_Checker__GB1, 
reg__336: GBCR2_SEU_Test__GCB1, 
logic__1049: GBCR2_SEU_Test__GCB1, 
reg__36: GBCR2_SEU_Test__GCB1, 
case__405: GBCR2_SEU_Test__GCB1, 
logic__651: GBCR2_SEU_Test__GCB1, 
keep__152: GBCR2_SEU_Test__GCB0, 
counter__34: Data_Checker__GB1, 
reg__308: GBCR2_SEU_Test__GCB1, 
case__336: GBCR2_SEU_Test__GCB1, 
logic__912: GBCR2_SEU_Test__GCB1, 
case__222: GBCR2_SEU_Test__GCB1, 
logic__269: GBCR2_SEU_Test__GCB1, 
reg__4: global_clock_reset__GC0, 
keep__51: GBCR2_SEU_Test__GCB0, 
case__513: GBCR2_SEU_Test__GCB0, 
logic__1964: GBCR2_SEU_Test__GCB1, 
logic__1729: Data_Checker__GB2, 
logic__1875: GBCR2_SEU_Test__GCB1, 
case__490: GBCR2_SEU_Test__GCB1, 
logic__1264: GBCR2_SEU_Test__GCB1, 
case__243: GBCR2_SEU_Test__GCB1, 
logic__1447: GBCR2_SEU_Test__GCB0, 
reg__70: GBCR2_SEU_Test__GCB1, 
logic__1114: GBCR2_SEU_Test__GCB1, 
reg__78: GBCR2_SEU_Test__GCB1, 
keep__120: GBCR2_SEU_Test__GCB0, 
datapath__30: GBCR2_SEU_Test__GCB1, 
logic__1494: GBCR2_SEU_Test__GCB0, 
reg__472: Data_Checker__GB2, 
case__697: GBCR2_SEU_Test__GCB1, 
case__400: GBCR2_SEU_Test__GCB1, 
logic: global_clock_reset__GC0, 
logic__799: GBCR2_SEU_Test__GCB1, 
case__460: GBCR2_SEU_Test__GCB1, 
reg__364: GBCR2_SEU_Test__GCB0, 
reg__271: GBCR2_SEU_Test__GCB1, 
logic__524: GBCR2_SEU_Test__GCB1, 
logic__1156: GBCR2_SEU_Test__GCB1, 
signinv__1: GBCR2_SEU_Test__GCB1, 
reg__13: GBCR2_SEU_Test__GCB1, 
reg__461: Data_Checker__GB2, 
muxpart__122: GBCR2_SEU_Test__GCB1, 
case__419: GBCR2_SEU_Test__GCB1, 
reg__482: GBCR2_SEU_Test__GCB1, 
logic__1358: GBCR2_SEU_Test__GCB1, 
logic__1221: GBCR2_SEU_Test__GCB1, 
logic__1155: GBCR2_SEU_Test__GCB1, 
reg__402: GBCR2_SEU_Test__GCB0, 
case__654: GBCR2_SEU_Test__GCB1, 
case__725: GBCR2_SEU_Test__GCB1, 
reg__479: Data_Checker__GB0, 
logic__1686: Data_Checker__GB1, 
reg__438: Data_Checker__GB1, 
logic__427: GBCR2_SEU_Test__GCB1, 
muxpart__123: GBCR2_SEU_Test__GCB1, 
datapath__97: GBCR2_SEU_Test__GCB1, 
reg__493: GBCR2_SEU_Test__GCB1, 
gtwizard_0_support: GBCR2_SEU_Test__GCB0, 
reg__373: GBCR2_SEU_Test__GCB0, 
logic__1763: Data_Checker__GB2, 
gtwizard_0_common_reset: GBCR2_SEU_Test__GCB0, 
reg__441: Data_Checker__GB1, 
logic__1091: GBCR2_SEU_Test__GCB1, 
datapath__108: GBCR2_SEU_Test__GCB1, 
reg__458: Data_Checker__GB2, 
case__381: GBCR2_SEU_Test__GCB1, 
reg__166: GBCR2_SEU_Test__GCB1, 
logic__1018: GBCR2_SEU_Test__GCB1, 
case__181: GBCR2_SEU_Test__GCB1, 
muxpart__183: Data_Checker__GB1, 
case__655: GBCR2_SEU_Test__GCB1, 
logic__1014: GBCR2_SEU_Test__GCB1, 
logic__1181: GBCR2_SEU_Test__GCB1, 
fifo_128to32_depth16k: Data_Checker__GB0, 
reg__282: GBCR2_SEU_Test__GCB1, 
logic__424: GBCR2_SEU_Test__GCB1, 
case__166: GBCR2_SEU_Test__GCB1, 
case__639: Data_Checker__GB2, 
datapath__70: GBCR2_SEU_Test__GCB1, 
logic__660: GBCR2_SEU_Test__GCB1, 
logic__1334: GBCR2_SEU_Test__GCB1, 
logic__665: GBCR2_SEU_Test__GCB1, 
case__264: GBCR2_SEU_Test__GCB1, 
logic__578: GBCR2_SEU_Test__GCB1, 
logic__49: GBCR2_SEU_Test__GCB1, 
reg__27: GBCR2_SEU_Test__GCB1, 
keep__58: GBCR2_SEU_Test__GCB0, 
case__205: GBCR2_SEU_Test__GCB1, 
logic__1127: GBCR2_SEU_Test__GCB1, 
reg__66: GBCR2_SEU_Test__GCB1, 
muxpart: global_clock_reset__GC0, 
reg__149: GBCR2_SEU_Test__GCB1, 
reg__123: GBCR2_SEU_Test__GCB1, 
logic__1141: GBCR2_SEU_Test__GCB1, 
logic__998: GBCR2_SEU_Test__GCB1, 
logic__1266: GBCR2_SEU_Test__GCB1, 
reg__24: GBCR2_SEU_Test__GCB1, 
logic__1600: Data_Checker__GB2, Data_Checker__GB1, Data_Checker__GB0, 
datapath__127: Data_Checker__GB2, Data_Checker__GB1, Data_Checker__GB0, 
datapath__50: GBCR2_SEU_Test__GCB1, 
logic__1733: Data_Checker__GB2, 
case__414: GBCR2_SEU_Test__GCB1, 
reg__93: GBCR2_SEU_Test__GCB1, 
keep__155: GBCR2_SEU_Test__GCB0, 
keep__106: GBCR2_SEU_Test__GCB0, 
reg: global_clock_reset__GC0, 
Data_Checker__GB2: Data_Checker__GB2, 
case__90: GBCR2_SEU_Test__GCB1, 
logic__966: GBCR2_SEU_Test__GCB1, 
logic__1531: Data_Checker__GB2, Data_Checker__GB1, Data_Checker__GB0, 
reg__207: GBCR2_SEU_Test__GCB1, 
reg__453: Data_Checker__GB1, 
case__22: GBCR2_SEU_Test__GCB1, 
logic__1714: Data_Checker__GB1, 
reg__270: GBCR2_SEU_Test__GCB1, 
logic__1749: Data_Checker__GB2, 
keep__39: GBCR2_SEU_Test__GCB0, 
logic__96: GBCR2_SEU_Test__GCB1, 
logic__875: GBCR2_SEU_Test__GCB1, 
Data_Checker__GB0: Data_Checker__GB0, 
logic__1083: GBCR2_SEU_Test__GCB1, 
case__366: GBCR2_SEU_Test__GCB1, 
reg__161: GBCR2_SEU_Test__GCB1, 
keep__166: GBCR2_SEU_Test__GCB0, 
case__424: GBCR2_SEU_Test__GCB1, 
reg__74: GBCR2_SEU_Test__GCB1, 
case__642: Data_Checker__GB2, 
datapath__86: GBCR2_SEU_Test__GCB1, 
muxpart__153: GBCR2_SEU_Test__GCB0, 
logic__1574: Data_Checker__GB2, Data_Checker__GB1, Data_Checker__GB0, 
reg__485: GBCR2_SEU_Test__GCB1, 
case__481: GBCR2_SEU_Test__GCB1, 
datapath__102: GBCR2_SEU_Test__GCB1, 
reg__297: GBCR2_SEU_Test__GCB1, 
logic__884: GBCR2_SEU_Test__GCB1, 
counter__18: GBCR2_SEU_Test__GCB1, 
case__436: GBCR2_SEU_Test__GCB1, 
reg__75: GBCR2_SEU_Test__GCB1, 
logic__39: GBCR2_SEU_Test__GCB1, 
keep__133: GBCR2_SEU_Test__GCB0, 
case__634: Data_Checker__GB2, 
logic__1756: Data_Checker__GB2, 
reg__294: GBCR2_SEU_Test__GCB1, 
datapath__82: GBCR2_SEU_Test__GCB1, 
keep__1: GBCR2_SEU_Test__GCB1, 
keep__94: GBCR2_SEU_Test__GCB0, 
datapath__53: GBCR2_SEU_Test__GCB1, 
logic__517: GBCR2_SEU_Test__GCB1, 
reg__90: GBCR2_SEU_Test__GCB1, 
reg__357: GBCR2_SEU_Test__GCB0, 
datapath__55: GBCR2_SEU_Test__GCB1, 
logic__675: GBCR2_SEU_Test__GCB1, 
logic__664: GBCR2_SEU_Test__GCB1, 
case__716: GBCR2_SEU_Test__GCB1, 
logic__1661: Data_Checker__GB1, 
reg__376: GBCR2_SEU_Test__GCB0, 
reg__333: GBCR2_SEU_Test__GCB1, 
case__542: GBCR2_SEU_Test__GCB1, 
reg__244: GBCR2_SEU_Test__GCB1, 
case__646: Data_Checker__GB2, 
case__290: GBCR2_SEU_Test__GCB1, 
logic__678: GBCR2_SEU_Test__GCB1, 
case__260: GBCR2_SEU_Test__GCB1, 
logic__1367: GBCR2_SEU_Test__GCB1, 
logic__969: GBCR2_SEU_Test__GCB1, 
reg__198: GBCR2_SEU_Test__GCB1, 
muxpart__132: GBCR2_SEU_Test__GCB0, 
case__300: GBCR2_SEU_Test__GCB1, 
case__285: GBCR2_SEU_Test__GCB1, 
case__691: GBCR2_SEU_Test__GCB1, 
datapath__126: Data_Checker__GB2, Data_Checker__GB1, Data_Checker__GB0, 
logic__1523: Data_Checker__GB2, Data_Checker__GB1, Data_Checker__GB0, 
keep__137: GBCR2_SEU_Test__GCB0, 
case__451: GBCR2_SEU_Test__GCB1, 
logic__566: GBCR2_SEU_Test__GCB1, 
logic__235: GBCR2_SEU_Test__GCB1, 
reg__437: Data_Checker__GB1, 
logic__1959: GBCR2_SEU_Test__GCB1, 
case__698: GBCR2_SEU_Test__GCB1, 
case__605: Data_Checker__GB1, 
logic__939: GBCR2_SEU_Test__GCB1, 
datapath__88: GBCR2_SEU_Test__GCB1, 
reg__40: GBCR2_SEU_Test__GCB1, 
logic__907: GBCR2_SEU_Test__GCB1, 
case__113: GBCR2_SEU_Test__GCB1, 
case__637: Data_Checker__GB2, 
logic__1759: Data_Checker__GB2, 
case__275: GBCR2_SEU_Test__GCB1, 
reg__356: GBCR2_SEU_Test__GCB0, 
case__105: GBCR2_SEU_Test__GCB1, 
keep__80: GBCR2_SEU_Test__GCB0, 
case__382: GBCR2_SEU_Test__GCB1, 
tri_mode_ethernet_mac_0_sync_block: GBCR2_SEU_Test__GCB1, 
logic__940: GBCR2_SEU_Test__GCB1, 
logic__885: GBCR2_SEU_Test__GCB1, 
logic__963: GBCR2_SEU_Test__GCB1, 
reg__331: GBCR2_SEU_Test__GCB1, 
logic__1529: Data_Checker__GB2, Data_Checker__GB1, Data_Checker__GB0, 
case__431: GBCR2_SEU_Test__GCB1, 
case__342: GBCR2_SEU_Test__GCB1, 
logic__747: GBCR2_SEU_Test__GCB1, 
logic__583: GBCR2_SEU_Test__GCB1, 
case__278: GBCR2_SEU_Test__GCB1, 
reg__325: GBCR2_SEU_Test__GCB1, 
logic__595: GBCR2_SEU_Test__GCB1, 
logic__1596: Data_Checker__GB2, Data_Checker__GB1, Data_Checker__GB0, 
case__351: GBCR2_SEU_Test__GCB1, 
case__404: GBCR2_SEU_Test__GCB1, 
keep__3: GBCR2_SEU_Test__GCB1, 
reg__150: GBCR2_SEU_Test__GCB1, 
case__372: GBCR2_SEU_Test__GCB1, 
keep__52: GBCR2_SEU_Test__GCB0, 
case__283: GBCR2_SEU_Test__GCB1, 
logic__217: GBCR2_SEU_Test__GCB1, 
reg__279: GBCR2_SEU_Test__GCB1, 
reg__145: GBCR2_SEU_Test__GCB1, 
case__395: GBCR2_SEU_Test__GCB1, 
reg__462: Data_Checker__GB2, 
logic__1166: GBCR2_SEU_Test__GCB1, 
logic__622: GBCR2_SEU_Test__GCB1, 
reg__444: Data_Checker__GB1, 
logic__1987: GBCR2_SEU_Test__GCB1, 
keep__138: GBCR2_SEU_Test__GCB0, 
case__606: Data_Checker__GB1, 
case__475: GBCR2_SEU_Test__GCB1, 
logic__1015: GBCR2_SEU_Test__GCB1, 
logic__490: GBCR2_SEU_Test__GCB1, 
logic__1004: GBCR2_SEU_Test__GCB1, 
case__133: GBCR2_SEU_Test__GCB1, 
reg__61: GBCR2_SEU_Test__GCB1, 
datapath__149: Data_Checker__GB2, 
keep__98: GBCR2_SEU_Test__GCB0, 
case__8: global_clock_reset__GC0, 
reg__234: GBCR2_SEU_Test__GCB1, 
reg__302: GBCR2_SEU_Test__GCB1, 
reg__417: Data_Checker__GB2, Data_Checker__GB1, Data_Checker__GB0, 
case__596: Data_Checker__GB1, 
